Archive member included because of file (symbol)

contiki-ng-dpp-cc430.a(platform.o)
                              obj_dpp-cc430/contiki-main.o (platform_init_stage_one)
contiki-ng-dpp-cc430.a(node-id.o)
                              group-project.o (node_id)
contiki-ng-dpp-cc430.a(uart.o)
                              obj_dpp-cc430/contiki-main.o (putchar)
contiki-ng-dpp-cc430.a(watchdog.o)
                              obj_dpp-cc430/contiki-main.o (watchdog_init)
contiki-ng-dpp-cc430.a(soc.o)
                              contiki-ng-dpp-cc430.a(platform.o) (soc_init)
contiki-ng-dpp-cc430.a(rf1a.o)
                              obj_dpp-cc430/basic-radio.o (rf1a_go_to_sleep)
contiki-ng-dpp-cc430.a(rtimer-ext.o)
                              obj_dpp-cc430/contiki-main.o (clock_init)
contiki-ng-dpp-cc430.a(autostart.o)
                              obj_dpp-cc430/contiki-main.o (autostart_start)
contiki-ng-dpp-cc430.a(energest.o)
                              obj_dpp-cc430/contiki-main.o (energest_init)
contiki-ng-dpp-cc430.a(etimer.o)
                              contiki-ng-dpp-cc430.a(rtimer-ext.o) (etimer_request_poll)
contiki-ng-dpp-cc430.a(log.o)
                              obj_dpp-cc430/contiki-main.o (log_lladdr)
contiki-ng-dpp-cc430.a(ctimer.o)
                              obj_dpp-cc430/contiki-main.o (ctimer_init)
contiki-ng-dpp-cc430.a(process.o)
                              contiki-ng-dpp-cc430.a(etimer.o) (process_current)
contiki-ng-dpp-cc430.a(rtimer.o)
                              obj_dpp-cc430/contiki-main.o (rtimer_init)
contiki-ng-dpp-cc430.a(timer.o)
                              contiki-ng-dpp-cc430.a(etimer.o) (timer_set)
contiki-ng-dpp-cc430.a(dc-stat.o)
                              contiki-ng-dpp-cc430.a(platform.o) (dc_stat_isr)
contiki-ng-dpp-cc430.a(list.o)
                              obj_dpp-cc430/data-generator.o (list_init)
contiki-ng-dpp-cc430.a(memb.o)
                              obj_dpp-cc430/data-generator.o (memb_init)
contiki-ng-dpp-cc430.a(random.o)
                              obj_dpp-cc430/data-generator.o (random_init)
contiki-ng-dpp-cc430.a(netstack.o)
                              obj_dpp-cc430/contiki-main.o (netstack_init)
contiki-ng-dpp-cc430.a(linkaddr.o)
                              contiki-ng-dpp-cc430.a(log.o) (linkaddr_cmp)
contiki-ng-dpp-cc430.a(nullmac.o)
                              obj_dpp-cc430/contiki-main.o (nullmac_driver)
contiki-ng-dpp-cc430.a(nullnet.o)
                              obj_dpp-cc430/contiki-main.o (nullnet_driver)
contiki-ng-dpp-cc430.a(pmm.o)
                              contiki-ng-dpp-cc430.a(soc.o) (SetVCore)
contiki-ng-dpp-cc430.a(nullradio.o)
                              contiki-ng-dpp-cc430.a(netstack.o) (nullradio_driver)
contiki-ng-dpp-cc430.a(packetbuf.o)
                              contiki-ng-dpp-cc430.a(nullnet.o) (packetbuf_datalen)
/usr/lib/gcc/msp430/4.6.3/mcpu-430x/mmpy-16/libgcc.a(_muldi3.o)
                              group-project.o (__muldi3)
/usr/lib/gcc/msp430/4.6.3/mcpu-430x/mmpy-16/libgcc.a(_udivmod16.o)
                              obj_dpp-cc430/data-generator.o (__udivhi3)
/usr/lib/gcc/msp430/4.6.3/mcpu-430x/mmpy-16/libgcc.a(_udivmod32.o)
                              obj_dpp-cc430/basic-radio.o (__udivsi3)
/usr/lib/gcc/msp430/4.6.3/mcpu-430x/mmpy-16/libgcc.a(_udivmod64.o)
                              group-project.o (__udivdi3)
/usr/lib/gcc/msp430/4.6.3/../../../../msp430/lib/mcpu-430x/mmpy-16/libc.a(strcmp.o)
                              contiki-ng-dpp-cc430.a(log.o) (strcmp)
/usr/lib/gcc/msp430/4.6.3/../../../../msp430/lib/mcpu-430x/mmpy-16/libc.a(memcmp.o)
                              contiki-ng-dpp-cc430.a(linkaddr.o) (memcmp)
/usr/lib/gcc/msp430/4.6.3/../../../../msp430/lib/mcpu-430x/mmpy-16/libc.a(memcpy.o)
                              obj_dpp-cc430/basic-radio.o (memcpy)
/usr/lib/gcc/msp430/4.6.3/../../../../msp430/lib/mcpu-430x/mmpy-16/libc.a(memset.o)
                              contiki-ng-dpp-cc430.a(memb.o) (memset)
/usr/lib/gcc/msp430/4.6.3/../../../../msp430/lib/mcpu-430x/mmpy-16/libc.a(printf.o)
                              group-project.o (printf)
/usr/lib/gcc/msp430/4.6.3/../../../../msp430/lib/mcpu-430x/mmpy-16/libc.a(vuprintf.o)
                              /usr/lib/gcc/msp430/4.6.3/../../../../msp430/lib/mcpu-430x/mmpy-16/libc.a(printf.o) (vuprintf)
/usr/lib/gcc/msp430/4.6.3/../../../../msp430/lib/mcpu-430x/mmpy-16/libc.a(puts.o)
                              obj_dpp-cc430/data-generator.o (puts)
/usr/lib/gcc/msp430/4.6.3/../../../../msp430/lib/mcpu-430x/mmpy-16/libc.a(rand.o)
                              contiki-ng-dpp-cc430.a(random.o) (rand)
/usr/lib/gcc/msp430/4.6.3/mcpu-430x/mmpy-16/libgcc.a(_mulsi3.o)
                              /usr/lib/gcc/msp430/4.6.3/../../../../msp430/lib/mcpu-430x/mmpy-16/libc.a(rand.o) (__mulsi3)
/usr/lib/gcc/msp430/4.6.3/mcpu-430x/mmpy-16/libcrt0.a(_reset_vector__.o)
[...]
Memory Configuration

Name             Origin             Length             Attributes
sfr              0x0000000000000000 0x0000000000000010
peripheral_8bit  0x0000000000000010 0x00000000000000f0
peripheral_16bit 0x0000000000000100 0x0000000000000100
bsl              0x0000000000001000 0x0000000000000800
infomem          0x0000000000001800 0x0000000000000200
infod            0x0000000000001800 0x0000000000000080
infoc            0x0000000000001880 0x0000000000000080
infob            0x0000000000001900 0x0000000000000080
infoa            0x0000000000001980 0x0000000000000080
ram              0x0000000000001c00 0x0000000000000ffe xw
rom              0x0000000000008000 0x0000000000007f80 xr
vectors          0x000000000000ff80 0x0000000000000080
ram2             0x0000000000000000 0x0000000000000000 xw
ram_mirror       0x0000000000000000 0x0000000000000000 xw
usbram           0x0000000000000000 0x0000000000000000 xw
far_rom          0x0000000000000000 0x0000000000000000
*default*        0x0000000000000000 0xffffffffffffffff

Linker script and memory map

LOAD /usr/lib/gcc/msp430/4.6.3/mcpu-430x/mmpy-16/crt0ivtbl64.o
LOAD group-project.o
LOAD obj_dpp-cc430/basic-radio.o
LOAD obj_dpp-cc430/data-generator.o
LOAD obj_dpp-cc430/contiki-main.o
LOAD contiki-ng-dpp-cc430.a
LOAD /usr/lib/gcc/msp430/4.6.3/mcpu-430x/mmpy-16/libgcc.a
LOAD /usr/lib/gcc/msp430/4.6.3/../../../../msp430/lib/mcpu-430x/mmpy-16/libc.a
LOAD /usr/lib/gcc/msp430/4.6.3/mcpu-430x/mmpy-16/libgcc.a
LOAD /usr/lib/gcc/msp430/4.6.3/mcpu-430x/mmpy-16/libcrt0.a
                0x0000000000000080                PROVIDE (__info_segment_size, 0x80)
                0x0000000000001800                PROVIDE (__infod, 0x1800)
                0x0000000000001880                PROVIDE (__infoc, 0x1880)
                0x0000000000001900                PROVIDE (__infob, 0x1900)
                0x0000000000001980                PROVIDE (__infoa, 0x1980)
                0x0000000000000700                __ADC12CTL0_L = 0x700
                0x0000000000000701                __ADC12CTL0_H = 0x701
                0x0000000000000700                __ADC12CTL0 = 0x700
                0x0000000000000702                __ADC12CTL1_L = 0x702
                0x0000000000000703                __ADC12CTL1_H = 0x703
                0x0000000000000702                __ADC12CTL1 = 0x702
                0x0000000000000704                __ADC12CTL2_L = 0x704
                0x0000000000000705                __ADC12CTL2_H = 0x705
                0x0000000000000704                __ADC12CTL2 = 0x704
                0x000000000000070a                __ADC12IFG_L = 0x70a
                0x000000000000070b                __ADC12IFG_H = 0x70b
                0x000000000000070a                __ADC12IFG = 0x70a
                0x000000000000070c                __ADC12IE_L = 0x70c
                0x000000000000070d                __ADC12IE_H = 0x70d
                0x000000000000070c                __ADC12IE = 0x70c
                0x000000000000070e                __ADC12IV_L = 0x70e
                0x000000000000070f                __ADC12IV_H = 0x70f
                0x000000000000070e                __ADC12IV = 0x70e
                0x0000000000000720                __ADC12MEM0_L = 0x720
                0x0000000000000721                __ADC12MEM0_H = 0x721
                0x0000000000000720                __ADC12MEM0 = 0x720
                0x0000000000000722                __ADC12MEM1_L = 0x722
                0x0000000000000723                __ADC12MEM1_H = 0x723
                0x0000000000000722                __ADC12MEM1 = 0x722
                0x0000000000000724                __ADC12MEM2_L = 0x724
                0x0000000000000725                __ADC12MEM2_H = 0x725
                0x0000000000000724                __ADC12MEM2 = 0x724
                0x0000000000000726                __ADC12MEM3_L = 0x726
                0x0000000000000727                __ADC12MEM3_H = 0x727
                0x0000000000000726                __ADC12MEM3 = 0x726
                0x0000000000000728                __ADC12MEM4_L = 0x728
                0x0000000000000729                __ADC12MEM4_H = 0x729
                0x0000000000000728                __ADC12MEM4 = 0x728
                0x000000000000072a                __ADC12MEM5_L = 0x72a
                0x000000000000072b                __ADC12MEM5_H = 0x72b
                0x000000000000072a                __ADC12MEM5 = 0x72a
                0x000000000000072c                __ADC12MEM6_L = 0x72c
                0x000000000000072d                __ADC12MEM6_H = 0x72d
                0x000000000000072c                __ADC12MEM6 = 0x72c
                0x000000000000072e                __ADC12MEM7_L = 0x72e
                0x000000000000072f                __ADC12MEM7_H = 0x72f
                0x000000000000072e                __ADC12MEM7 = 0x72e
                0x0000000000000730                __ADC12MEM8_L = 0x730
                0x0000000000000731                __ADC12MEM8_H = 0x731
                0x0000000000000730                __ADC12MEM8 = 0x730
                0x0000000000000732                __ADC12MEM9_L = 0x732
                0x0000000000000733                __ADC12MEM9_H = 0x733
                0x0000000000000732                __ADC12MEM9 = 0x732
                0x0000000000000734                __ADC12MEM10_L = 0x734
                0x0000000000000735                __ADC12MEM10_H = 0x735
                0x0000000000000734                __ADC12MEM10 = 0x734
                0x0000000000000736                __ADC12MEM11_L = 0x736
                0x0000000000000737                __ADC12MEM11_H = 0x737
                0x0000000000000736                __ADC12MEM11 = 0x736
                0x0000000000000738                __ADC12MEM12_L = 0x738
                0x0000000000000739                __ADC12MEM12_H = 0x739
                0x0000000000000738                __ADC12MEM12 = 0x738
                0x000000000000073a                __ADC12MEM13_L = 0x73a
                0x000000000000073b                __ADC12MEM13_H = 0x73b
                0x000000000000073a                __ADC12MEM13 = 0x73a
                0x000000000000073c                __ADC12MEM14_L = 0x73c
                0x000000000000073d                __ADC12MEM14_H = 0x73d
                0x000000000000073c                __ADC12MEM14 = 0x73c
                0x000000000000073e                __ADC12MEM15_L = 0x73e
                0x000000000000073f                __ADC12MEM15_H = 0x73f
                0x000000000000073e                __ADC12MEM15 = 0x73e
                0x0000000000000710                __ADC12MCTL0 = 0x710
                0x0000000000000711                __ADC12MCTL1 = 0x711
                0x0000000000000712                __ADC12MCTL2 = 0x712
                0x0000000000000713                __ADC12MCTL3 = 0x713
                0x0000000000000714                __ADC12MCTL4 = 0x714
                0x0000000000000715                __ADC12MCTL5 = 0x715
                0x0000000000000716                __ADC12MCTL6 = 0x716
                0x0000000000000717                __ADC12MCTL7 = 0x717
                0x0000000000000718                __ADC12MCTL8 = 0x718
                0x0000000000000719                __ADC12MCTL9 = 0x719
                0x000000000000071a                __ADC12MCTL10 = 0x71a
                0x000000000000071b                __ADC12MCTL11 = 0x71b
                0x000000000000071c                __ADC12MCTL12 = 0x71c
                0x000000000000071d                __ADC12MCTL13 = 0x71d
                0x000000000000071e                __ADC12MCTL14 = 0x71e
                0x000000000000071f                __ADC12MCTL15 = 0x71f
                0x00000000000009c0                __AESACTL0_L = 0x9c0
                0x00000000000009c1                __AESACTL0_H = 0x9c1
                0x00000000000009c0                __AESACTL0 = 0x9c0
                0x00000000000009c4                __AESASTAT_L = 0x9c4
                0x00000000000009c5                __AESASTAT_H = 0x9c5
                0x00000000000009c4                __AESASTAT = 0x9c4
                0x00000000000009c6                __AESAKEY_L = 0x9c6
                0x00000000000009c7                __AESAKEY_H = 0x9c7
                0x00000000000009c6                __AESAKEY = 0x9c6
                0x00000000000009c8                __AESADIN_L = 0x9c8
                0x00000000000009c9                __AESADIN_H = 0x9c9
                0x00000000000009c8                __AESADIN = 0x9c8
                0x00000000000009ca                __AESADOUT_L = 0x9ca
                0x00000000000009cb                __AESADOUT_H = 0x9cb
                0x00000000000009ca                __AESADOUT = 0x9ca
                0x00000000000008c0                __CBCTL0_L = 0x8c0
                0x00000000000008c1                __CBCTL0_H = 0x8c1
                0x00000000000008c0                __CBCTL0 = 0x8c0
                0x00000000000008c2                __CBCTL1_L = 0x8c2
                0x00000000000008c3                __CBCTL1_H = 0x8c3
                0x00000000000008c2                __CBCTL1 = 0x8c2
                0x00000000000008c4                __CBCTL2_L = 0x8c4
                0x00000000000008c5                __CBCTL2_H = 0x8c5
                0x00000000000008c4                __CBCTL2 = 0x8c4
                0x00000000000008c6                __CBCTL3_L = 0x8c6
                0x00000000000008c7                __CBCTL3_H = 0x8c7
                0x00000000000008c6                __CBCTL3 = 0x8c6
                0x00000000000008cc                __CBINT_L = 0x8cc
                0x00000000000008cd                __CBINT_H = 0x8cd
                0x00000000000008cc                __CBINT = 0x8cc
                0x00000000000008ce                __CBIV = 0x8ce
                0x0000000000000f00                __RF1AIFCTL0_L = 0xf00
                0x0000000000000f01                __RF1AIFCTL0_H = 0xf01
                0x0000000000000f00                __RF1AIFCTL0 = 0xf00
                0x0000000000000f02                __RF1AIFCTL1_L = 0xf02
                0x0000000000000f03                __RF1AIFCTL1_H = 0xf03
                0x0000000000000f02                __RF1AIFCTL1 = 0xf02
                0x0000000000000f04                __RF1AIFCTL2_L = 0xf04
                0x0000000000000f05                __RF1AIFCTL2_H = 0xf05
                0x0000000000000f04                __RF1AIFCTL2 = 0xf04
                0x0000000000000f06                __RF1AIFERR_L = 0xf06
                0x0000000000000f07                __RF1AIFERR_H = 0xf07
                0x0000000000000f06                __RF1AIFERR = 0xf06
                0x0000000000000f0c                __RF1AIFERRV_L = 0xf0c
                0x0000000000000f0d                __RF1AIFERRV_H = 0xf0d
                0x0000000000000f0c                __RF1AIFERRV = 0xf0c
                0x0000000000000f0e                __RF1AIFIV_L = 0xf0e
                0x0000000000000f0f                __RF1AIFIV_H = 0xf0f
                0x0000000000000f0e                __RF1AIFIV = 0xf0e
                0x0000000000000f10                __RF1AINSTRW_L = 0xf10
                0x0000000000000f11                __RF1AINSTRW_H = 0xf11
                0x0000000000000f10                __RF1AINSTRW = 0xf10
                0x0000000000000f12                __RF1AINSTR1W_L = 0xf12
                0x0000000000000f13                __RF1AINSTR1W_H = 0xf13
                0x0000000000000f12                __RF1AINSTR1W = 0xf12
                0x0000000000000f14                __RF1AINSTR2W_L = 0xf14
                0x0000000000000f15                __RF1AINSTR2W_H = 0xf15
                0x0000000000000f14                __RF1AINSTR2W = 0xf14
                0x0000000000000f16                __RF1ADINW_L = 0xf16
                0x0000000000000f17                __RF1ADINW_H = 0xf17
                0x0000000000000f16                __RF1ADINW = 0xf16
                0x0000000000000f20                __RF1ASTAT0W_L = 0xf20
                0x0000000000000f21                __RF1ASTAT0W_H = 0xf21
                0x0000000000000f20                __RF1ASTAT0W = 0xf20
                0x0000000000000f22                __RF1ASTAT1W_L = 0xf22
                0x0000000000000f23                __RF1ASTAT1W_H = 0xf23
                0x0000000000000f22                __RF1ASTAT1W = 0xf22
                0x0000000000000f24                __RF1ASTAT2W_L = 0xf24
                0x0000000000000f25                __RF1ASTAT2W_H = 0xf25
                0x0000000000000f24                __RF1ASTAT2W = 0xf24
                0x0000000000000f28                __RF1ADOUT0W_L = 0xf28
                0x0000000000000f29                __RF1ADOUT0W_H = 0xf29
                0x0000000000000f28                __RF1ADOUT0W = 0xf28
                0x0000000000000f2a                __RF1ADOUT1W_L = 0xf2a
                0x0000000000000f2b                __RF1ADOUT1W_H = 0xf2b
                0x0000000000000f2a                __RF1ADOUT1W = 0xf2a
                0x0000000000000f2c                __RF1ADOUT2W_L = 0xf2c
                0x0000000000000f2d                __RF1ADOUT2W_H = 0xf2d
                0x0000000000000f2c                __RF1ADOUT2W = 0xf2c
                0x0000000000000f30                __RF1AIN_L = 0xf30
                0x0000000000000f31                __RF1AIN_H = 0xf31
                0x0000000000000f30                __RF1AIN = 0xf30
                0x0000000000000f32                __RF1AIFG_L = 0xf32
                0x0000000000000f33                __RF1AIFG_H = 0xf33
                0x0000000000000f32                __RF1AIFG = 0xf32
                0x0000000000000f34                __RF1AIES_L = 0xf34
                0x0000000000000f35                __RF1AIES_H = 0xf35
                0x0000000000000f34                __RF1AIES = 0xf34
                0x0000000000000f36                __RF1AIE_L = 0xf36
                0x0000000000000f37                __RF1AIE_H = 0xf37
                0x0000000000000f36                __RF1AIE = 0xf36
                0x0000000000000f38                __RF1AIV_L = 0xf38
                0x0000000000000f39                __RF1AIV_H = 0xf39
                0x0000000000000f38                __RF1AIV = 0xf38
                0x0000000000000f3c                __RF1ARXFIFO_L = 0xf3c
                0x0000000000000f3d                __RF1ARXFIFO_H = 0xf3d
                0x0000000000000f3c                __RF1ARXFIFO = 0xf3c
                0x0000000000000f3e                __RF1ATXFIFO_L = 0xf3e
                0x0000000000000f3f                __RF1ATXFIFO_H = 0xf3f
                0x0000000000000f3e                __RF1ATXFIFO = 0xf3e
                0x0000000000000150                __CRCDI_L = 0x150
                0x0000000000000151                __CRCDI_H = 0x151
                0x0000000000000150                __CRCDI = 0x150
                0x0000000000000152                __CRCDIRB_L = 0x152
                0x0000000000000153                __CRCDIRB_H = 0x153
                0x0000000000000152                __CRCDIRB = 0x152
                0x0000000000000154                __CRCINIRES_L = 0x154
                0x0000000000000155                __CRCINIRES_H = 0x155
                0x0000000000000154                __CRCINIRES = 0x154
                0x0000000000000156                __CRCRESR_L = 0x156
                0x0000000000000157                __CRCRESR_H = 0x157
                0x0000000000000156                __CRCRESR = 0x156
                0x0000000000000500                __DMACTL0_L = 0x500
                0x0000000000000501                __DMACTL0_H = 0x501
                0x0000000000000500                __DMACTL0 = 0x500
                0x0000000000000502                __DMACTL1_L = 0x502
                0x0000000000000503                __DMACTL1_H = 0x503
                0x0000000000000502                __DMACTL1 = 0x502
                0x0000000000000504                __DMACTL2_L = 0x504
                0x0000000000000505                __DMACTL2_H = 0x505
                0x0000000000000504                __DMACTL2 = 0x504
                0x0000000000000506                __DMACTL3_L = 0x506
                0x0000000000000507                __DMACTL3_H = 0x507
                0x0000000000000506                __DMACTL3 = 0x506
                0x0000000000000508                __DMACTL4_L = 0x508
                0x0000000000000509                __DMACTL4_H = 0x509
                0x0000000000000508                __DMACTL4 = 0x508
                0x000000000000050e                __DMAIV_L = 0x50e
                0x000000000000050f                __DMAIV_H = 0x50f
                0x000000000000050e                __DMAIV = 0x50e
                0x0000000000000510                __DMA0CTL_L = 0x510
                0x0000000000000511                __DMA0CTL_H = 0x511
                0x0000000000000510                __DMA0CTL = 0x510
                0x0000000000000512                __DMA0SA = 0x512
                0x0000000000000516                __DMA0DA = 0x516
                0x000000000000051a                __DMA0SZ = 0x51a
                0x0000000000000520                __DMA1CTL_L = 0x520
                0x0000000000000521                __DMA1CTL_H = 0x521
                0x0000000000000520                __DMA1CTL = 0x520
                0x0000000000000522                __DMA1SA = 0x522
                0x0000000000000526                __DMA1DA = 0x526
                0x000000000000052a                __DMA1SZ = 0x52a
                0x0000000000000530                __DMA2CTL_L = 0x530
                0x0000000000000531                __DMA2CTL_H = 0x531
                0x0000000000000530                __DMA2CTL = 0x530
                0x0000000000000532                __DMA2SA = 0x532
                0x0000000000000536                __DMA2DA = 0x536
                0x000000000000053a                __DMA2SZ = 0x53a
                0x0000000000000140                __FCTL1_L = 0x140
                0x0000000000000141                __FCTL1_H = 0x141
                0x0000000000000140                __FCTL1 = 0x140
                0x0000000000000144                __FCTL3_L = 0x144
                0x0000000000000145                __FCTL3_H = 0x145
                0x0000000000000144                __FCTL3 = 0x144
                0x0000000000000146                __FCTL4_L = 0x146
                0x0000000000000147                __FCTL4_H = 0x147
                0x0000000000000146                __FCTL4 = 0x146
                0x00000000000004c0                __MPY_L = 0x4c0
                0x00000000000004c1                __MPY_H = 0x4c1
                0x00000000000004c0                __MPY = 0x4c0
                0x00000000000004c2                __MPYS_L = 0x4c2
                0x00000000000004c3                __MPYS_H = 0x4c3
                0x00000000000004c2                __MPYS = 0x4c2
                0x00000000000004c4                __MAC_L = 0x4c4
                0x00000000000004c5                __MAC_H = 0x4c5
                0x00000000000004c4                __MAC = 0x4c4
                0x00000000000004c6                __MACS_L = 0x4c6
                0x00000000000004c7                __MACS_H = 0x4c7
                0x00000000000004c6                __MACS = 0x4c6
                0x00000000000004c8                __OP2_L = 0x4c8
                0x00000000000004c9                __OP2_H = 0x4c9
                0x00000000000004c8                __OP2 = 0x4c8
                0x00000000000004ca                __RESLO_L = 0x4ca
                0x00000000000004cb                __RESLO_H = 0x4cb
                0x00000000000004ca                __RESLO = 0x4ca
                0x00000000000004cc                __RESHI_L = 0x4cc
                0x00000000000004cd                __RESHI_H = 0x4cd
                0x00000000000004cc                __RESHI = 0x4cc
                0x00000000000004ce                __SUMEXT_L = 0x4ce
                0x00000000000004cf                __SUMEXT_H = 0x4cf
                0x00000000000004ce                __SUMEXT = 0x4ce
                0x00000000000004d0                __MPY32L_L = 0x4d0
                0x00000000000004d1                __MPY32L_H = 0x4d1
                0x00000000000004d0                __MPY32L = 0x4d0
                0x00000000000004d2                __MPY32H_L = 0x4d2
                0x00000000000004d3                __MPY32H_H = 0x4d3
                0x00000000000004d2                __MPY32H = 0x4d2
                0x00000000000004d4                __MPYS32L_L = 0x4d4
                0x00000000000004d5                __MPYS32L_H = 0x4d5
                0x00000000000004d4                __MPYS32L = 0x4d4
                0x00000000000004d6                __MPYS32H_L = 0x4d6
                0x00000000000004d7                __MPYS32H_H = 0x4d7
                0x00000000000004d6                __MPYS32H = 0x4d6
                0x00000000000004d8                __MAC32L_L = 0x4d8
                0x00000000000004d9                __MAC32L_H = 0x4d9
                0x00000000000004d8                __MAC32L = 0x4d8
                0x00000000000004da                __MAC32H_L = 0x4da
                0x00000000000004db                __MAC32H_H = 0x4db
                0x00000000000004da                __MAC32H = 0x4da
                0x00000000000004dc                __MACS32L_L = 0x4dc
                0x00000000000004dd                __MACS32L_H = 0x4dd
                0x00000000000004dc                __MACS32L = 0x4dc
                0x00000000000004de                __MACS32H_L = 0x4de
                0x00000000000004df                __MACS32H_H = 0x4df
                0x00000000000004de                __MACS32H = 0x4de
                0x00000000000004e0                __OP2L_L = 0x4e0
                0x00000000000004e1                __OP2L_H = 0x4e1
                0x00000000000004e0                __OP2L = 0x4e0
                0x00000000000004e2                __OP2H_L = 0x4e2
                0x00000000000004e3                __OP2H_H = 0x4e3
                0x00000000000004e2                __OP2H = 0x4e2
                0x00000000000004e4                __RES0_L = 0x4e4
                0x00000000000004e5                __RES0_H = 0x4e5
                0x00000000000004e4                __RES0 = 0x4e4
                0x00000000000004e6                __RES1_L = 0x4e6
                0x00000000000004e7                __RES1_H = 0x4e7
                0x00000000000004e6                __RES1 = 0x4e6
                0x00000000000004e8                __RES2_L = 0x4e8
                0x00000000000004e9                __RES2_H = 0x4e9
                0x00000000000004e8                __RES2 = 0x4e8
                0x00000000000004ea                __RES3_L = 0x4ea
                0x00000000000004eb                __RES3_H = 0x4eb
                0x00000000000004ea                __RES3 = 0x4ea
                0x00000000000004ec                __MPY32CTL0_L = 0x4ec
                0x00000000000004ed                __MPY32CTL0_H = 0x4ed
                0x00000000000004ec                __MPY32CTL0 = 0x4ec
                0x0000000000000200                __PAIN_L = 0x200
                0x0000000000000201                __PAIN_H = 0x201
                0x0000000000000200                __PAIN = 0x200
                0x0000000000000202                __PAOUT_L = 0x202
                0x0000000000000203                __PAOUT_H = 0x203
                0x0000000000000202                __PAOUT = 0x202
                0x0000000000000204                __PADIR_L = 0x204
                0x0000000000000205                __PADIR_H = 0x205
                0x0000000000000204                __PADIR = 0x204
                0x0000000000000206                __PAREN_L = 0x206
                0x0000000000000207                __PAREN_H = 0x207
                0x0000000000000206                __PAREN = 0x206
                0x0000000000000208                __PADS_L = 0x208
                0x0000000000000209                __PADS_H = 0x209
                0x0000000000000208                __PADS = 0x208
                0x000000000000020a                __PASEL_L = 0x20a
                0x000000000000020b                __PASEL_H = 0x20b
                0x000000000000020a                __PASEL = 0x20a
                0x0000000000000218                __PAIES_L = 0x218
                0x0000000000000219                __PAIES_H = 0x219
                0x0000000000000218                __PAIES = 0x218
                0x000000000000021a                __PAIE_L = 0x21a
                0x000000000000021b                __PAIE_H = 0x21b
                0x000000000000021a                __PAIE = 0x21a
                0x000000000000021c                __PAIFG_L = 0x21c
                0x000000000000021d                __PAIFG_H = 0x21d
                0x000000000000021c                __PAIFG = 0x21c
                0x000000000000020e                __P1IV = 0x20e
                0x000000000000021e                __P2IV = 0x21e
                0x0000000000000220                __PBIN_L = 0x220
                0x0000000000000221                __PBIN_H = 0x221
                0x0000000000000220                __PBIN = 0x220
                0x0000000000000222                __PBOUT_L = 0x222
                0x0000000000000223                __PBOUT_H = 0x223
                0x0000000000000222                __PBOUT = 0x222
                0x0000000000000224                __PBDIR_L = 0x224
                0x0000000000000225                __PBDIR_H = 0x225
                0x0000000000000224                __PBDIR = 0x224
                0x0000000000000226                __PBREN_L = 0x226
                0x0000000000000227                __PBREN_H = 0x227
                0x0000000000000226                __PBREN = 0x226
                0x0000000000000228                __PBDS_L = 0x228
                0x0000000000000229                __PBDS_H = 0x229
                0x0000000000000228                __PBDS = 0x228
                0x000000000000022a                __PBSEL_L = 0x22a
                0x000000000000022b                __PBSEL_H = 0x22b
                0x000000000000022a                __PBSEL = 0x22a
                0x0000000000000240                __PCIN_L = 0x240
                0x0000000000000241                __PCIN_H = 0x241
                0x0000000000000240                __PCIN = 0x240
                0x0000000000000242                __PCOUT_L = 0x242
                0x0000000000000243                __PCOUT_H = 0x243
                0x0000000000000242                __PCOUT = 0x242
                0x0000000000000244                __PCDIR_L = 0x244
                0x0000000000000245                __PCDIR_H = 0x245
                0x0000000000000244                __PCDIR = 0x244
                0x0000000000000246                __PCREN_L = 0x246
                0x0000000000000247                __PCREN_H = 0x247
                0x0000000000000246                __PCREN = 0x246
                0x0000000000000248                __PCDS_L = 0x248
                0x0000000000000249                __PCDS_H = 0x249
                0x0000000000000248                __PCDS = 0x248
                0x000000000000024a                __PCSEL_L = 0x24a
                0x000000000000024b                __PCSEL_H = 0x24b
                0x000000000000024a                __PCSEL = 0x24a
                0x0000000000000320                __PJIN_L = 0x320
                0x0000000000000321                __PJIN_H = 0x321
                0x0000000000000320                __PJIN = 0x320
                0x0000000000000322                __PJOUT_L = 0x322
                0x0000000000000323                __PJOUT_H = 0x323
                0x0000000000000322                __PJOUT = 0x322
                0x0000000000000324                __PJDIR_L = 0x324
                0x0000000000000325                __PJDIR_H = 0x325
                0x0000000000000324                __PJDIR = 0x324
                0x0000000000000326                __PJREN_L = 0x326
                0x0000000000000327                __PJREN_H = 0x327
                0x0000000000000326                __PJREN = 0x326
                0x0000000000000328                __PJDS_L = 0x328
                0x0000000000000329                __PJDS_H = 0x329
                0x0000000000000328                __PJDS = 0x328
                0x00000000000001c0                __PMAPKEYID_L = 0x1c0
                0x00000000000001c1                __PMAPKEYID_H = 0x1c1
                0x00000000000001c0                __PMAPKEYID = 0x1c0
                0x00000000000001c2                __PMAPCTL_L = 0x1c2
                0x00000000000001c3                __PMAPCTL_H = 0x1c3
                0x00000000000001c2                __PMAPCTL = 0x1c2
                0x00000000000001c8                __P1MAP01_L = 0x1c8
                0x00000000000001c9                __P1MAP01_H = 0x1c9
                0x00000000000001c8                __P1MAP01 = 0x1c8
                0x00000000000001ca                __P1MAP23_L = 0x1ca
                0x00000000000001cb                __P1MAP23_H = 0x1cb
                0x00000000000001ca                __P1MAP23 = 0x1ca
                0x00000000000001cc                __P1MAP45_L = 0x1cc
                0x00000000000001cd                __P1MAP45_H = 0x1cd
                0x00000000000001cc                __P1MAP45 = 0x1cc
                0x00000000000001ce                __P1MAP67_L = 0x1ce
                0x00000000000001cf                __P1MAP67_H = 0x1cf
                0x00000000000001ce                __P1MAP67 = 0x1ce
                0x00000000000001d0                __P2MAP01_L = 0x1d0
                0x00000000000001d1                __P2MAP01_H = 0x1d1
                0x00000000000001d0                __P2MAP01 = 0x1d0
                0x00000000000001d2                __P2MAP23_L = 0x1d2
                0x00000000000001d3                __P2MAP23_H = 0x1d3
                0x00000000000001d2                __P2MAP23 = 0x1d2
                0x00000000000001d4                __P2MAP45_L = 0x1d4
                0x00000000000001d5                __P2MAP45_H = 0x1d5
                0x00000000000001d4                __P2MAP45 = 0x1d4
                0x00000000000001d6                __P2MAP67_L = 0x1d6
                0x00000000000001d7                __P2MAP67_H = 0x1d7
                0x00000000000001d6                __P2MAP67 = 0x1d6
                0x00000000000001d8                __P3MAP01_L = 0x1d8
                0x00000000000001d9                __P3MAP01_H = 0x1d9
                0x00000000000001d8                __P3MAP01 = 0x1d8
                0x00000000000001da                __P3MAP23_L = 0x1da
                0x00000000000001db                __P3MAP23_H = 0x1db
                0x00000000000001da                __P3MAP23 = 0x1da
                0x00000000000001dc                __P3MAP45_L = 0x1dc
                0x00000000000001dd                __P3MAP45_H = 0x1dd
                0x00000000000001dc                __P3MAP45 = 0x1dc
                0x00000000000001de                __P3MAP67_L = 0x1de
                0x00000000000001df                __P3MAP67_H = 0x1df
                0x00000000000001de                __P3MAP67 = 0x1de
                0x0000000000000120                __PMMCTL0_L = 0x120
                0x0000000000000121                __PMMCTL0_H = 0x121
                0x0000000000000120                __PMMCTL0 = 0x120
                0x0000000000000122                __PMMCTL1_L = 0x122
                0x0000000000000123                __PMMCTL1_H = 0x123
                0x0000000000000122                __PMMCTL1 = 0x122
                0x0000000000000124                __SVSMHCTL_L = 0x124
                0x0000000000000125                __SVSMHCTL_H = 0x125
                0x0000000000000124                __SVSMHCTL = 0x124
                0x0000000000000126                __SVSMLCTL_L = 0x126
                0x0000000000000127                __SVSMLCTL_H = 0x127
                0x0000000000000126                __SVSMLCTL = 0x126
                0x0000000000000128                __SVSMIO_L = 0x128
                0x0000000000000129                __SVSMIO_H = 0x129
                0x0000000000000128                __SVSMIO = 0x128
                0x000000000000012c                __PMMIFG_L = 0x12c
                0x000000000000012d                __PMMIFG_H = 0x12d
                0x000000000000012c                __PMMIFG = 0x12c
                0x000000000000012e                __PMMRIE_L = 0x12e
                0x000000000000012f                __PMMRIE_H = 0x12f
                0x000000000000012e                __PMMRIE = 0x12e
                0x0000000000000158                __RCCTL0_L = 0x158
                0x0000000000000159                __RCCTL0_H = 0x159
                0x0000000000000158                __RCCTL0 = 0x158
                0x00000000000001b0                __REFCTL0_L = 0x1b0
                0x00000000000001b1                __REFCTL0_H = 0x1b1
                0x00000000000001b0                __REFCTL0 = 0x1b0
                0x00000000000004a0                __RTCCTL01_L = 0x4a0
                0x00000000000004a1                __RTCCTL01_H = 0x4a1
                0x00000000000004a0                __RTCCTL01 = 0x4a0
                0x00000000000004a2                __RTCCTL23_L = 0x4a2
                0x00000000000004a3                __RTCCTL23_H = 0x4a3
                0x00000000000004a2                __RTCCTL23 = 0x4a2
                0x00000000000004a8                __RTCPS0CTL_L = 0x4a8
                0x00000000000004a9                __RTCPS0CTL_H = 0x4a9
                0x00000000000004a8                __RTCPS0CTL = 0x4a8
                0x00000000000004aa                __RTCPS1CTL_L = 0x4aa
                0x00000000000004ab                __RTCPS1CTL_H = 0x4ab
                0x00000000000004aa                __RTCPS1CTL = 0x4aa
                0x00000000000004ac                __RTCPS_L = 0x4ac
                0x00000000000004ad                __RTCPS_H = 0x4ad
                0x00000000000004ac                __RTCPS = 0x4ac
                0x00000000000004ae                __RTCIV = 0x4ae
                0x00000000000004b0                __RTCTIM0_L = 0x4b0
                0x00000000000004b1                __RTCTIM0_H = 0x4b1
                0x00000000000004b0                __RTCTIM0 = 0x4b0
                0x00000000000004b2                __RTCTIM1_L = 0x4b2
                0x00000000000004b3                __RTCTIM1_H = 0x4b3
                0x00000000000004b2                __RTCTIM1 = 0x4b2
                0x00000000000004b4                __RTCDATE_L = 0x4b4
                0x00000000000004b5                __RTCDATE_H = 0x4b5
                0x00000000000004b4                __RTCDATE = 0x4b4
                0x00000000000004b6                __RTCYEAR_L = 0x4b6
                0x00000000000004b7                __RTCYEAR_H = 0x4b7
                0x00000000000004b6                __RTCYEAR = 0x4b6
                0x00000000000004b8                __RTCAMINHR_L = 0x4b8
                0x00000000000004b9                __RTCAMINHR_H = 0x4b9
                0x00000000000004b8                __RTCAMINHR = 0x4b8
                0x00000000000004ba                __RTCADOWDAY_L = 0x4ba
                0x00000000000004bb                __RTCADOWDAY_H = 0x4bb
                0x00000000000004ba                __RTCADOWDAY = 0x4ba
                0x0000000000000100                __SFRIE1_L = 0x100
                0x0000000000000101                __SFRIE1_H = 0x101
                0x0000000000000100                __SFRIE1 = 0x100
                0x0000000000000102                __SFRIFG1_L = 0x102
                0x0000000000000103                __SFRIFG1_H = 0x103
                0x0000000000000102                __SFRIFG1 = 0x102
                0x0000000000000104                __SFRRPCR_L = 0x104
                0x0000000000000105                __SFRRPCR_H = 0x105
                0x0000000000000104                __SFRRPCR = 0x104
                0x0000000000000180                __SYSCTL_L = 0x180
                0x0000000000000181                __SYSCTL_H = 0x181
                0x0000000000000180                __SYSCTL = 0x180
                0x0000000000000182                __SYSBSLC_L = 0x182
                0x0000000000000183                __SYSBSLC_H = 0x183
                0x0000000000000182                __SYSBSLC = 0x182
                0x0000000000000186                __SYSJMBC_L = 0x186
                0x0000000000000187                __SYSJMBC_H = 0x187
                0x0000000000000186                __SYSJMBC = 0x186
                0x0000000000000188                __SYSJMBI0_L = 0x188
                0x0000000000000189                __SYSJMBI0_H = 0x189
                0x0000000000000188                __SYSJMBI0 = 0x188
                0x000000000000018a                __SYSJMBI1_L = 0x18a
                0x000000000000018b                __SYSJMBI1_H = 0x18b
                0x000000000000018a                __SYSJMBI1 = 0x18a
                0x000000000000018c                __SYSJMBO0_L = 0x18c
                0x000000000000018d                __SYSJMBO0_H = 0x18d
                0x000000000000018c                __SYSJMBO0 = 0x18c
                0x000000000000018e                __SYSJMBO1_L = 0x18e
                0x000000000000018f                __SYSJMBO1_H = 0x18f
                0x000000000000018e                __SYSJMBO1 = 0x18e
                0x0000000000000198                __SYSBERRIV_L = 0x198
                0x0000000000000199                __SYSBERRIV_H = 0x199
                0x0000000000000198                __SYSBERRIV = 0x198
                0x000000000000019a                __SYSUNIV_L = 0x19a
                0x000000000000019b                __SYSUNIV_H = 0x19b
                0x000000000000019a                __SYSUNIV = 0x19a
                0x000000000000019c                __SYSSNIV_L = 0x19c
                0x000000000000019d                __SYSSNIV_H = 0x19d
                0x000000000000019c                __SYSSNIV = 0x19c
                0x000000000000019e                __SYSRSTIV_L = 0x19e
                0x000000000000019f                __SYSRSTIV_H = 0x19f
                0x000000000000019e                __SYSRSTIV = 0x19e
                0x0000000000000340                __TA0CTL = 0x340
                0x0000000000000342                __TA0CCTL0 = 0x342
                0x0000000000000344                __TA0CCTL1 = 0x344
                0x0000000000000346                __TA0CCTL2 = 0x346
                0x0000000000000348                __TA0CCTL3 = 0x348
                0x000000000000034a                __TA0CCTL4 = 0x34a
                0x0000000000000350                __TA0R = 0x350
                0x0000000000000352                __TA0CCR0 = 0x352
                0x0000000000000354                __TA0CCR1 = 0x354
                0x0000000000000356                __TA0CCR2 = 0x356
                0x0000000000000358                __TA0CCR3 = 0x358
                0x000000000000035a                __TA0CCR4 = 0x35a
                0x000000000000036e                __TA0IV = 0x36e
                0x0000000000000360                __TA0EX0 = 0x360
                0x0000000000000380                __TA1CTL = 0x380
                0x0000000000000382                __TA1CCTL0 = 0x382
                0x0000000000000384                __TA1CCTL1 = 0x384
                0x0000000000000386                __TA1CCTL2 = 0x386
                0x0000000000000390                __TA1R = 0x390
                0x0000000000000392                __TA1CCR0 = 0x392
                0x0000000000000394                __TA1CCR1 = 0x394
                0x0000000000000396                __TA1CCR2 = 0x396
                0x00000000000003ae                __TA1IV = 0x3ae
                0x00000000000003a0                __TA1EX0 = 0x3a0
                0x0000000000000160                __UCSCTL0_L = 0x160
                0x0000000000000161                __UCSCTL0_H = 0x161
                0x0000000000000160                __UCSCTL0 = 0x160
                0x0000000000000162                __UCSCTL1_L = 0x162
                0x0000000000000163                __UCSCTL1_H = 0x163
                0x0000000000000162                __UCSCTL1 = 0x162
                0x0000000000000164                __UCSCTL2_L = 0x164
                0x0000000000000165                __UCSCTL2_H = 0x165
                0x0000000000000164                __UCSCTL2 = 0x164
                0x0000000000000166                __UCSCTL3_L = 0x166
                0x0000000000000167                __UCSCTL3_H = 0x167
                0x0000000000000166                __UCSCTL3 = 0x166
                0x0000000000000168                __UCSCTL4_L = 0x168
                0x0000000000000169                __UCSCTL4_H = 0x169
                0x0000000000000168                __UCSCTL4 = 0x168
                0x000000000000016a                __UCSCTL5_L = 0x16a
                0x000000000000016b                __UCSCTL5_H = 0x16b
                0x000000000000016a                __UCSCTL5 = 0x16a
                0x000000000000016c                __UCSCTL6_L = 0x16c
                0x000000000000016d                __UCSCTL6_H = 0x16d
                0x000000000000016c                __UCSCTL6 = 0x16c
                0x000000000000016e                __UCSCTL7_L = 0x16e
                0x000000000000016f                __UCSCTL7_H = 0x16f
                0x000000000000016e                __UCSCTL7 = 0x16e
                0x0000000000000170                __UCSCTL8_L = 0x170
                0x0000000000000171                __UCSCTL8_H = 0x171
                0x0000000000000170                __UCSCTL8 = 0x170
                0x00000000000005c0                __UCA0CTLW0_L = 0x5c0
                0x00000000000005c1                __UCA0CTLW0_H = 0x5c1
                0x00000000000005c0                __UCA0CTLW0 = 0x5c0
                0x00000000000005c6                __UCA0BRW_L = 0x5c6
                0x00000000000005c7                __UCA0BRW_H = 0x5c7
                0x00000000000005c6                __UCA0BRW = 0x5c6
                0x00000000000005c8                __UCA0MCTL = 0x5c8
                0x00000000000005ca                __UCA0STAT = 0x5ca
                0x00000000000005cc                __UCA0RXBUF = 0x5cc
                0x00000000000005ce                __UCA0TXBUF = 0x5ce
                0x00000000000005d0                __UCA0ABCTL = 0x5d0
                0x00000000000005d2                __UCA0IRCTL_L = 0x5d2
                0x00000000000005d3                __UCA0IRCTL_H = 0x5d3
                0x00000000000005d2                __UCA0IRCTL = 0x5d2
                0x00000000000005dc                __UCA0ICTL_L = 0x5dc
                0x00000000000005dd                __UCA0ICTL_H = 0x5dd
                0x00000000000005dc                __UCA0ICTL = 0x5dc
                0x00000000000005de                __UCA0IV = 0x5de
                0x00000000000005e0                __UCB0CTLW0_L = 0x5e0
                0x00000000000005e1                __UCB0CTLW0_H = 0x5e1
                0x00000000000005e0                __UCB0CTLW0 = 0x5e0
                0x00000000000005e6                __UCB0BRW_L = 0x5e6
                0x00000000000005e7                __UCB0BRW_H = 0x5e7
                0x00000000000005e6                __UCB0BRW = 0x5e6
                0x00000000000005ea                __UCB0STAT = 0x5ea
                0x00000000000005ec                __UCB0RXBUF = 0x5ec
                0x00000000000005ee                __UCB0TXBUF = 0x5ee
                0x00000000000005f0                __UCB0I2COA_L = 0x5f0
                0x00000000000005f1                __UCB0I2COA_H = 0x5f1
                0x00000000000005f0                __UCB0I2COA = 0x5f0
                0x00000000000005f2                __UCB0I2CSA_L = 0x5f2
                0x00000000000005f3                __UCB0I2CSA_H = 0x5f3
                0x00000000000005f2                __UCB0I2CSA = 0x5f2
                0x00000000000005fc                __UCB0ICTL_L = 0x5fc
                0x00000000000005fd                __UCB0ICTL_H = 0x5fd
                0x00000000000005fc                __UCB0ICTL = 0x5fc
                0x00000000000005fe                __UCB0IV = 0x5fe
                0x000000000000015c                __WDTCTL_L = 0x15c
                0x000000000000015d                __WDTCTL_H = 0x15d
                0x000000000000015c                __WDTCTL = 0x15c

.hash
 *(.hash)

.dynsym
 *(.dynsym)

.dynstr
 *(.dynstr)

.gnu.version
 *(.gnu.version)

.gnu.version_d
 *(.gnu.version_d)

.gnu.version_r
 *(.gnu.version_r)

.rel.init
 *(.rel.init)

.rela.init
 *(.rela.init)

.rel.fini
 *(.rel.fini)

.rela.fini
 *(.rela.fini)

.rel.text
 *(.rel.text .rel.text.* .rel.gnu.linkonce.t.*)

.rela.text
 *(.rela.text .rela.text.* .rela.gnu.linkonce.t.*)

.rel.rodata
 *(.rel.rodata .rel.rodata.* .rel.gnu.linkonce.r.*)

.rela.rodata
 *(.rela.rodata .rela.rodata.* .rela.gnu.linkonce.r.*)

.rel.data
 *(.rel.data .rel.data.* .rel.gnu.linkonce.d.*)

.rela.data
 *(.rela.data .rela.data.* .rela.gnu.linkonce.d.*)

.rel.bss
 *(.rel.bss .rel.bss.* .rel.gnu.linkonce.b.*)

.rela.bss
 *(.rela.bss .rela.bss.* .rela.gnu.linkonce.b.*)

.rel.ctors
 *(.rel.ctors)

.rela.ctors
 *(.rela.ctors)

.rel.dtors
 *(.rel.dtors)

.rela.dtors
 *(.rela.dtors)

.rel.got
 *(.rel.got)

.rela.got
 *(.rela.got)

.rel.plt
 *(.rel.plt)

.rela.plt
 *(.rela.plt)

.text           0x0000000000008000     0x3ab2
                0x0000000000008000                . = ALIGN (0x2)
 *(.init .init.*)
 *(.init0)
 .init0         0x0000000000008000        0x0 /usr/lib/gcc/msp430/4.6.3/mcpu-430x/mmpy-16/libcrt0.a(_reset_vector__.o)
                0x0000000000008000                _reset_vector__
 *(.init1)
 .init1         0x0000000000008000        0xc /usr/lib/gcc/msp430/4.6.3/mcpu-430x/mmpy-16/libcrt0.a(__watchdog_support.o)
                0x0000000000008000                __watchdog_support
 *(.init2)
 .init2         0x000000000000800c        0x4 /usr/lib/gcc/msp430/4.6.3/mcpu-430x/mmpy-16/libcrt0.a(__init_stack.o)
                0x000000000000800c                __init_stack
 *(.init3)
 .init3         0x0000000000008010        0x0 /usr/lib/gcc/msp430/4.6.3/mcpu-430x/mmpy-16/libcrt0.a(__low_level_init.o)
                0x0000000000008010                __low_level_init
 *(.init4)
 .init4         0x0000000000008010       0x18 /usr/lib/gcc/msp430/4.6.3/mcpu-430x/mmpy-16/libcrt0.a(_copy_data.o)
                0x0000000000008010                __do_copy_data
 .init4         0x0000000000008028       0x16 /usr/lib/gcc/msp430/4.6.3/mcpu-430x/mmpy-16/libcrt0.a(_clear_bss.o)
                0x0000000000008028                __do_clear_bss
 *(.init5)
 *(.init6)
 *(.init7)
 *(.init8)
 *(.init9)
 .init9         0x000000000000803e      0x110 obj_dpp-cc430/contiki-main.o
                0x000000000000803e                main
 *(.fini9)
 .fini9         0x000000000000814e        0x0 /usr/lib/gcc/msp430/4.6.3/mcpu-430x/mmpy-16/libcrt0.a(__stop_progExec__.o)
                0x000000000000814e                __stop_progExec__
 *(.fini8)
 *(.fini7)
 *(.fini6)
 *(.fini5)
 *(.fini4)
 *(.fini3)
 *(.fini2)
 *(.fini1)
 *(.fini0)
 .fini0         0x000000000000814e        0x6 /usr/lib/gcc/msp430/4.6.3/mcpu-430x/mmpy-16/libcrt0.a(_endless_loop__.o)
                0x000000000000814e                _endless_loop__
 *(.fini .fini.*)
                0x0000000000008154                . = ALIGN (0x2)
                0x0000000000008154                __ctors_start = .
 *(.ctors)
                0x0000000000008154                __ctors_end = .
                0x0000000000008154                __dtors_start = .
 *(.dtors)
                0x0000000000008154                __dtors_end = .
                0x0000000000008154                . = ALIGN (0x2)
 *(.text .text.* .gnu.linkonce.t.*)
 .text          0x0000000000008154        0x4 /usr/lib/gcc/msp430/4.6.3/mcpu-430x/mmpy-16/crt0ivtbl64.o
                0x0000000000008154                __isr_37
                0x0000000000008154                __isr_47
                0x0000000000008154                __isr_57
                0x0000000000008154                __isr_33
                0x0000000000008154                __isr_32
                0x0000000000008154                __isr_42
                0x0000000000008154                __isr_49
                0x0000000000008154                __isr_59
                0x0000000000008154                __isr_39
                0x0000000000008154                __isr_46
                0x0000000000008154                __isr_41
                0x0000000000008154                __isr_60
                0x0000000000008154                __isr_36
                0x0000000000008154                __isr_34
                0x0000000000008154                __isr_44
                0x0000000000008154                __isr_48
                0x0000000000008154                __isr_43
                0x0000000000008154                __isr_56
                0x0000000000008154                __isr_38
                0x0000000000008154                __isr_35
                0x0000000000008154                __isr_45
                0x0000000000008154                __isr_58
                0x0000000000008154                __isr_62
                0x0000000000008154                __isr_52
                0x0000000000008154                __isr_40
 .text.reset_sync_timer
                0x0000000000008158        0x6 group-project.o
                0x0000000000008158                reset_sync_timer
 .text.process_thread_design_project_process
                0x000000000000815e      0x5bc group-project.o
 .text.radio_stop
                0x000000000000871a       0x2a obj_dpp-cc430/basic-radio.o
                0x000000000000871a                radio_stop
 .text.radio_send
                0x0000000000008744       0x98 obj_dpp-cc430/basic-radio.o
                0x0000000000008744                radio_send
 .text.radio_rcv
                0x00000000000087dc       0xd2 obj_dpp-cc430/basic-radio.o
                0x00000000000087dc                radio_rcv
 .text.rf1a_cb_rx_started
                0x00000000000088ae        0xc obj_dpp-cc430/basic-radio.o
                0x00000000000088ae                rf1a_cb_rx_started
 .text.rf1a_cb_tx_started
                0x00000000000088ba        0x8 obj_dpp-cc430/basic-radio.o
                0x00000000000088ba                rf1a_cb_tx_started
 .text.rf1a_cb_rx_ended
                0x00000000000088c2       0x26 obj_dpp-cc430/basic-radio.o
                0x00000000000088c2                rf1a_cb_rx_ended
 .text.rf1a_cb_tx_ended
                0x00000000000088e8        0xc obj_dpp-cc430/basic-radio.o
                0x00000000000088e8                rf1a_cb_tx_ended
 .text.rf1a_cb_rx_failed
                0x00000000000088f4        0xc obj_dpp-cc430/basic-radio.o
                0x00000000000088f4                rf1a_cb_rx_failed
 .text.rf1a_cb_header_received
                0x0000000000008900       0x26 obj_dpp-cc430/basic-radio.o
                0x0000000000008900                rf1a_cb_header_received
 .text.rf1a_cb_rx_tx_error
                0x0000000000008926       0x12 obj_dpp-cc430/basic-radio.o
                0x0000000000008926                rf1a_cb_rx_tx_error
 .text.generate_new_data
                0x0000000000008938       0x68 obj_dpp-cc430/data-generator.o
                0x0000000000008938                generate_new_data
 .text.data_generation_init
                0x00000000000089a0       0xb8 obj_dpp-cc430/data-generator.o
                0x00000000000089a0                data_generation_init
 .text.pop_data
                0x0000000000008a58       0x1e obj_dpp-cc430/data-generator.o
                0x0000000000008a58                pop_data
 .text.is_data_in_queue
                0x0000000000008a76        0xc obj_dpp-cc430/data-generator.o
                0x0000000000008a76                is_data_in_queue
 .text.platform_init_stage_one
                0x0000000000008a82      0x10e contiki-ng-dpp-cc430.a(platform.o)
                0x0000000000008a82                platform_init_stage_one
 .text.platform_init_stage_two
                0x0000000000008b90       0x14 contiki-ng-dpp-cc430.a(platform.o)
                0x0000000000008b90                platform_init_stage_two
 .text.platform_init_stage_three
                0x0000000000008ba4       0x32 contiki-ng-dpp-cc430.a(platform.o)
                0x0000000000008ba4                platform_init_stage_three
 .text.platform_idle
                0x0000000000008bd6       0x74 contiki-ng-dpp-cc430.a(platform.o)
                0x0000000000008bd6                platform_idle
 .text.putchar  0x0000000000008c4a        0xe contiki-ng-dpp-cc430.a(uart.o)
                0x0000000000008c4a                putchar
 .text.uart_init
                0x0000000000008c58       0x58 contiki-ng-dpp-cc430.a(uart.o)
                0x0000000000008c58                uart_init
 .text.uart_enable
                0x0000000000008cb0       0x22 contiki-ng-dpp-cc430.a(uart.o)
                0x0000000000008cb0                uart_enable
 .text.watchdog_init
                0x0000000000008cd2        0x8 contiki-ng-dpp-cc430.a(watchdog.o)
                0x0000000000008cd2                watchdog_init
 .text.watchdog_stop
                0x0000000000008cda        0x8 contiki-ng-dpp-cc430.a(watchdog.o)
                0x0000000000008cda                watchdog_stop
 .text.watchdog_start
                0x0000000000008ce2       0x12 contiki-ng-dpp-cc430.a(watchdog.o)
                0x0000000000008ce2                watchdog_start
 .text.watchdog_periodic
                0x0000000000008cf4       0x12 contiki-ng-dpp-cc430.a(watchdog.o)
                0x0000000000008cf4                watchdog_periodic
 .text.soc_init
                0x0000000000008d06       0xa8 contiki-ng-dpp-cc430.a(soc.o)
                0x0000000000008d06                soc_init
 .text.unmi_interrupt
                0x0000000000008dae       0x9a contiki-ng-dpp-cc430.a(soc.o)
                0x0000000000008dae                unmi_interrupt
                0x0000000000008dae                __isr_61
 .text.write_byte_to_register
                0x0000000000008e48       0x34 contiki-ng-dpp-cc430.a(rf1a.o)
 .text.read_byte_from_register
                0x0000000000008e7c       0x7c contiki-ng-dpp-cc430.a(rf1a.o)
 .text.set_register_field
                0x0000000000008ef8       0x58 contiki-ng-dpp-cc430.a(rf1a.o)
 .text.write_data_to_register
                0x0000000000008f50       0x84 contiki-ng-dpp-cc430.a(rf1a.o)
 .text.energest_off_mode
                0x0000000000008fd4      0x13c contiki-ng-dpp-cc430.a(rf1a.o)
 .text.strobe   0x0000000000009110       0xec contiki-ng-dpp-cc430.a(rf1a.o)
 .text.read_bytes_from_rx_fifo
                0x00000000000091fc      0x110 contiki-ng-dpp-cc430.a(rf1a.o)
                0x00000000000091fc                read_bytes_from_rx_fifo
 .text.rf1a_reset
                0x000000000000930c       0xb0 contiki-ng-dpp-cc430.a(rf1a.o)
                0x000000000000930c                rf1a_reset
 .text.rf1a_set_tx_power
                0x00000000000093bc       0x32 contiki-ng-dpp-cc430.a(rf1a.o)
                0x00000000000093bc                rf1a_set_tx_power
 .text.rf1a_configure_gdo_signal
                0x00000000000093ee       0x1e contiki-ng-dpp-cc430.a(rf1a.o)
                0x00000000000093ee                rf1a_configure_gdo_signal
 .text.rf1a_get_status_byte
                0x000000000000940c        0xc contiki-ng-dpp-cc430.a(rf1a.o)
                0x000000000000940c                rf1a_get_status_byte
 .text.rf1a_go_to_sleep
                0x0000000000009418       0x9e contiki-ng-dpp-cc430.a(rf1a.o)
                0x0000000000009418                rf1a_go_to_sleep
 .text.rf1a_go_to_idle
                0x00000000000094b6       0xac contiki-ng-dpp-cc430.a(rf1a.o)
                0x00000000000094b6                rf1a_go_to_idle
 .text.rf1a_manual_calibration
                0x0000000000009562       0xc2 contiki-ng-dpp-cc430.a(rf1a.o)
                0x0000000000009562                rf1a_manual_calibration
 .text.rf1a_reconfig_after_sleep
                0x0000000000009624       0x16 contiki-ng-dpp-cc430.a(rf1a.o)
                0x0000000000009624                rf1a_reconfig_after_sleep
 .text.rf1a_flush_rx_fifo
                0x000000000000963a       0xb6 contiki-ng-dpp-cc430.a(rf1a.o)
                0x000000000000963a                rf1a_flush_rx_fifo
 .text.rf1a_flush_tx_fifo
                0x00000000000096f0       0xb6 contiki-ng-dpp-cc430.a(rf1a.o)
                0x00000000000096f0                rf1a_flush_tx_fifo
 .text.rf1a_start_rx
                0x00000000000097a6       0x5a contiki-ng-dpp-cc430.a(rf1a.o)
                0x00000000000097a6                rf1a_start_rx
 .text.rf1a_start_tx
                0x0000000000009800       0x5e contiki-ng-dpp-cc430.a(rf1a.o)
                0x0000000000009800                rf1a_start_tx
 .text.rf1a_write_to_tx_fifo
                0x000000000000985e       0x96 contiki-ng-dpp-cc430.a(rf1a.o)
                0x000000000000985e                rf1a_write_to_tx_fifo
 .text.rf1a_set_rxoff_mode
                0x00000000000098f4       0x1a contiki-ng-dpp-cc430.a(rf1a.o)
                0x00000000000098f4                rf1a_set_rxoff_mode
 .text.rf1a_set_txoff_mode
                0x000000000000990e       0x1a contiki-ng-dpp-cc430.a(rf1a.o)
                0x000000000000990e                rf1a_set_txoff_mode
 .text.rf1a_set_maximum_packet_length
                0x0000000000009928       0x32 contiki-ng-dpp-cc430.a(rf1a.o)
                0x0000000000009928                rf1a_set_maximum_packet_length
 .text.rf1a_set_channel
                0x000000000000995a        0xc contiki-ng-dpp-cc430.a(rf1a.o)
                0x000000000000995a                rf1a_set_channel
 .text.rf1a_init
                0x0000000000009966      0x1d8 contiki-ng-dpp-cc430.a(rf1a.o)
                0x0000000000009966                rf1a_init
 .text.rf1a_set_header_len_rx
                0x0000000000009b3e        0x6 contiki-ng-dpp-cc430.a(rf1a.o)
                0x0000000000009b3e                rf1a_set_header_len_rx
 .text.rf1a_set_calibration_mode
                0x0000000000009b44       0x10 contiki-ng-dpp-cc430.a(rf1a.o)
                0x0000000000009b44                rf1a_set_calibration_mode
 .text.rf1a_clear_pending_interrupts
                0x0000000000009b54       0x24 contiki-ng-dpp-cc430.a(rf1a.o)
                0x0000000000009b54                rf1a_clear_pending_interrupts
 .text.radio_interrupt
                0x0000000000009b78      0x202 contiki-ng-dpp-cc430.a(rf1a.o)
                0x0000000000009b78                radio_interrupt
                0x0000000000009b78                __isr_53
 .text.update_rtimer_ext_state
                0x0000000000009d7a       0x88 contiki-ng-dpp-cc430.a(rtimer-ext.o)
 .text.clock_init
                0x0000000000009e02       0x16 contiki-ng-dpp-cc430.a(rtimer-ext.o)
                0x0000000000009e02                clock_init
 .text.clock_time
                0x0000000000009e18        0xa contiki-ng-dpp-cc430.a(rtimer-ext.o)
                0x0000000000009e18                clock_time
 .text.rtimer_ext_init
                0x0000000000009e22       0x36 contiki-ng-dpp-cc430.a(rtimer-ext.o)
                0x0000000000009e22                rtimer_ext_init
 .text.rtimer_arch_init
                0x0000000000009e58        0x6 contiki-ng-dpp-cc430.a(rtimer-ext.o)
                0x0000000000009e58                rtimer_arch_init
 .text.rtimer_ext_now_hf
                0x0000000000009e5e       0xa0 contiki-ng-dpp-cc430.a(rtimer-ext.o)
                0x0000000000009e5e                rtimer_ext_now_hf
 .text.rtimer_ext_now_lf_hw
                0x0000000000009efe        0xe contiki-ng-dpp-cc430.a(rtimer-ext.o)
                0x0000000000009efe                rtimer_ext_now_lf_hw
 .text.rtimer_ext_now_lf
                0x0000000000009f0c       0xa4 contiki-ng-dpp-cc430.a(rtimer-ext.o)
                0x0000000000009f0c                rtimer_ext_now_lf
 .text.rtimer_ext_schedule
                0x0000000000009fb0      0x10e contiki-ng-dpp-cc430.a(rtimer-ext.o)
                0x0000000000009fb0                rtimer_ext_schedule
 .text.rtimer_ext_next_expiration
                0x000000000000a0be       0x34 contiki-ng-dpp-cc430.a(rtimer-ext.o)
                0x000000000000a0be                rtimer_ext_next_expiration
 .text.timer0_a0_interrupt
                0x000000000000a0f2       0xac contiki-ng-dpp-cc430.a(rtimer-ext.o)
                0x000000000000a0f2                timer0_a0_interrupt
                0x000000000000a0f2                __isr_55
 .text.timer0_a1_interrupt
                0x000000000000a19e      0x18e contiki-ng-dpp-cc430.a(rtimer-ext.o)
                0x000000000000a19e                __isr_54
                0x000000000000a19e                timer0_a1_interrupt
 .text.timer1_a0_interrupt
                0x000000000000a32c       0xac contiki-ng-dpp-cc430.a(rtimer-ext.o)
                0x000000000000a32c                __isr_51
                0x000000000000a32c                timer1_a0_interrupt
 .text.timer1_a1_interrupt
                0x000000000000a3d8      0x154 contiki-ng-dpp-cc430.a(rtimer-ext.o)
                0x000000000000a3d8                timer1_a1_interrupt
                0x000000000000a3d8                __isr_50
 .text.autostart_start
                0x000000000000a52c       0x16 contiki-ng-dpp-cc430.a(autostart.o)
                0x000000000000a52c                autostart_start
 .text.energest_init
                0x000000000000a542        0x2 contiki-ng-dpp-cc430.a(energest.o)
                0x000000000000a542                energest_init
 .text.update_time
                0x000000000000a544       0x70 contiki-ng-dpp-cc430.a(etimer.o)
 .text.etimer_request_poll
                0x000000000000a5b4        0xa contiki-ng-dpp-cc430.a(etimer.o)
                0x000000000000a5b4                etimer_request_poll
 .text.process_thread_etimer_process
                0x000000000000a5be       0xc0 contiki-ng-dpp-cc430.a(etimer.o)
 .text.add_timer
                0x000000000000a67e       0x40 contiki-ng-dpp-cc430.a(etimer.o)
 .text.etimer_set
                0x000000000000a6be       0x12 contiki-ng-dpp-cc430.a(etimer.o)
                0x000000000000a6be                etimer_set
 .text.etimer_reset
                0x000000000000a6d0       0x12 contiki-ng-dpp-cc430.a(etimer.o)
                0x000000000000a6d0                etimer_reset
 .text.etimer_restart
                0x000000000000a6e2       0x12 contiki-ng-dpp-cc430.a(etimer.o)
                0x000000000000a6e2                etimer_restart
 .text.etimer_expired
                0x000000000000a6f4        0xe contiki-ng-dpp-cc430.a(etimer.o)
                0x000000000000a6f4                etimer_expired
 .text.etimer_pending
                0x000000000000a702        0xc contiki-ng-dpp-cc430.a(etimer.o)
                0x000000000000a702                etimer_pending
 .text.etimer_next_expiration_time
                0x000000000000a70e       0x16 contiki-ng-dpp-cc430.a(etimer.o)
                0x000000000000a70e                etimer_next_expiration_time
 .text.log_lladdr
                0x000000000000a724       0x40 contiki-ng-dpp-cc430.a(log.o)
                0x000000000000a724                log_lladdr
 .text.process_thread_ctimer_process
                0x000000000000a764       0x9c contiki-ng-dpp-cc430.a(ctimer.o)
 .text.ctimer_init
                0x000000000000a800       0x18 contiki-ng-dpp-cc430.a(ctimer.o)
                0x000000000000a800                ctimer_init
 .text.call_process
                0x000000000000a818       0x46 contiki-ng-dpp-cc430.a(process.o)
 .text.exit_process
                0x000000000000a85e       0x8a contiki-ng-dpp-cc430.a(process.o)
 .text.do_poll  0x000000000000a8e8       0x30 contiki-ng-dpp-cc430.a(process.o)
 .text.process_init
                0x000000000000a918       0x18 contiki-ng-dpp-cc430.a(process.o)
                0x000000000000a918                process_init
 .text.process_run
                0x000000000000a930       0x8c contiki-ng-dpp-cc430.a(process.o)
                0x000000000000a930                process_run
 .text.process_nevents
                0x000000000000a9bc        0xe contiki-ng-dpp-cc430.a(process.o)
                0x000000000000a9bc                process_nevents
 .text.process_post
                0x000000000000a9ca       0x3e contiki-ng-dpp-cc430.a(process.o)
                0x000000000000a9ca                process_post
 .text.process_post_synch
                0x000000000000aa08       0x12 contiki-ng-dpp-cc430.a(process.o)
                0x000000000000aa08                process_post_synch
 .text.process_start
                0x000000000000aa1a       0x32 contiki-ng-dpp-cc430.a(process.o)
                0x000000000000aa1a                process_start
 .text.process_poll
                0x000000000000aa4c       0x18 contiki-ng-dpp-cc430.a(process.o)
                0x000000000000aa4c                process_poll
 .text.rtimer_init
                0x000000000000aa64        0x6 contiki-ng-dpp-cc430.a(rtimer.o)
                0x000000000000aa64                rtimer_init
 .text.timer_set
                0x000000000000aa6a       0x1c contiki-ng-dpp-cc430.a(timer.o)
                0x000000000000aa6a                timer_set
 .text.timer_reset
                0x000000000000aa86        0xe contiki-ng-dpp-cc430.a(timer.o)
                0x000000000000aa86                timer_reset
 .text.timer_restart
                0x000000000000aa94       0x14 contiki-ng-dpp-cc430.a(timer.o)
                0x000000000000aa94                timer_restart
 .text.timer_expired
                0x000000000000aaa8       0x2a contiki-ng-dpp-cc430.a(timer.o)
                0x000000000000aaa8                timer_expired
 .text.list_init
                0x000000000000aad2        0x6 contiki-ng-dpp-cc430.a(list.o)
                0x000000000000aad2                list_init
 .text.list_head
                0x000000000000aad8        0x4 contiki-ng-dpp-cc430.a(list.o)
                0x000000000000aad8                list_head
 .text.list_tail
                0x000000000000aadc       0x12 contiki-ng-dpp-cc430.a(list.o)
                0x000000000000aadc                list_tail
 .text.list_pop
                0x000000000000aaee        0xe contiki-ng-dpp-cc430.a(list.o)
                0x000000000000aaee                list_pop
 .text.list_remove
                0x000000000000aafc       0x34 contiki-ng-dpp-cc430.a(list.o)
                0x000000000000aafc                list_remove
 .text.list_add
                0x000000000000ab30       0x26 contiki-ng-dpp-cc430.a(list.o)
                0x000000000000ab30                list_add
 .text.memb_init
                0x000000000000ab56       0x36 contiki-ng-dpp-cc430.a(memb.o)
                0x000000000000ab56                memb_init
 .text.memb_alloc
                0x000000000000ab8c       0x3e contiki-ng-dpp-cc430.a(memb.o)
                0x000000000000ab8c                memb_alloc
 .text.memb_free
                0x000000000000abca       0x3a contiki-ng-dpp-cc430.a(memb.o)
                0x000000000000abca                memb_free
 .text.random_init
                0x000000000000ac04        0x6 contiki-ng-dpp-cc430.a(random.o)
                0x000000000000ac04                random_init
 .text.random_rand
                0x000000000000ac0a        0x6 contiki-ng-dpp-cc430.a(random.o)
                0x000000000000ac0a                random_rand
 .text.netstack_init
                0x000000000000ac10        0xe contiki-ng-dpp-cc430.a(netstack.o)
                0x000000000000ac10                netstack_init
 .text.linkaddr_copy
                0x000000000000ac1e        0x8 contiki-ng-dpp-cc430.a(linkaddr.o)
                0x000000000000ac1e                linkaddr_copy
 .text.send_packet
                0x000000000000ac26        0x2 contiki-ng-dpp-cc430.a(nullmac.o)
 .text.packet_input
                0x000000000000ac28        0x2 contiki-ng-dpp-cc430.a(nullmac.o)
 .text.on       0x000000000000ac2a        0x4 contiki-ng-dpp-cc430.a(nullmac.o)
 .text.off      0x000000000000ac2e        0x4 contiki-ng-dpp-cc430.a(nullmac.o)
 .text.init     0x000000000000ac32        0x2 contiki-ng-dpp-cc430.a(nullmac.o)
 .text.init     0x000000000000ac34        0x6 contiki-ng-dpp-cc430.a(nullnet.o)
 .text.output   0x000000000000ac3a       0x42 contiki-ng-dpp-cc430.a(nullnet.o)
 .text.input    0x000000000000ac7c       0x34 contiki-ng-dpp-cc430.a(nullnet.o)
 .text.SetVCoreUp
                0x000000000000acb0       0xc6 contiki-ng-dpp-cc430.a(pmm.o)
                0x000000000000acb0                SetVCoreUp
 .text.SetVCoreDown
                0x000000000000ad76       0x94 contiki-ng-dpp-cc430.a(pmm.o)
                0x000000000000ad76                SetVCoreDown
 .text.SetVCore
                0x000000000000ae0a       0x3e contiki-ng-dpp-cc430.a(pmm.o)
                0x000000000000ae0a                SetVCore
 .text.init     0x000000000000ae48        0x4 contiki-ng-dpp-cc430.a(nullradio.o)
 .text.prepare  0x000000000000ae4c        0x4 contiki-ng-dpp-cc430.a(nullradio.o)
 .text.transmit
                0x000000000000ae50        0x4 contiki-ng-dpp-cc430.a(nullradio.o)
 .text.send     0x000000000000ae54        0x4 contiki-ng-dpp-cc430.a(nullradio.o)
 .text.radio_read
                0x000000000000ae58        0x4 contiki-ng-dpp-cc430.a(nullradio.o)
 .text.channel_clear
                0x000000000000ae5c        0x4 contiki-ng-dpp-cc430.a(nullradio.o)
 .text.receiving_packet
                0x000000000000ae60        0x4 contiki-ng-dpp-cc430.a(nullradio.o)
 .text.pending_packet
                0x000000000000ae64        0x4 contiki-ng-dpp-cc430.a(nullradio.o)
 .text.on       0x000000000000ae68        0x4 contiki-ng-dpp-cc430.a(nullradio.o)
 .text.off      0x000000000000ae6c        0x4 contiki-ng-dpp-cc430.a(nullradio.o)
 .text.get_value
                0x000000000000ae70        0x4 contiki-ng-dpp-cc430.a(nullradio.o)
 .text.set_value
                0x000000000000ae74        0x4 contiki-ng-dpp-cc430.a(nullradio.o)
 .text.get_object
                0x000000000000ae78        0x4 contiki-ng-dpp-cc430.a(nullradio.o)
 .text.set_object
                0x000000000000ae7c        0x4 contiki-ng-dpp-cc430.a(nullradio.o)
 .text.packetbuf_datalen
                0x000000000000ae80        0x6 contiki-ng-dpp-cc430.a(packetbuf.o)
                0x000000000000ae80                packetbuf_datalen
 .text.packetbuf_hdrlen
                0x000000000000ae86        0xa contiki-ng-dpp-cc430.a(packetbuf.o)
                0x000000000000ae86                packetbuf_hdrlen
 .text.packetbuf_dataptr
                0x000000000000ae90        0xc contiki-ng-dpp-cc430.a(packetbuf.o)
                0x000000000000ae90                packetbuf_dataptr
 .text.packetbuf_attr_clear
                0x000000000000ae9c       0x28 contiki-ng-dpp-cc430.a(packetbuf.o)
                0x000000000000ae9c                packetbuf_attr_clear
 .text.packetbuf_clear
                0x000000000000aec4       0x12 contiki-ng-dpp-cc430.a(packetbuf.o)
                0x000000000000aec4                packetbuf_clear
 .text.packetbuf_copyfrom
                0x000000000000aed6       0x2a contiki-ng-dpp-cc430.a(packetbuf.o)
                0x000000000000aed6                packetbuf_copyfrom
 .text.packetbuf_set_addr
                0x000000000000af00       0x14 contiki-ng-dpp-cc430.a(packetbuf.o)
                0x000000000000af00                packetbuf_set_addr
 .text.packetbuf_addr
                0x000000000000af14        0xe contiki-ng-dpp-cc430.a(packetbuf.o)
                0x000000000000af14                packetbuf_addr
 .text.libgcc   0x000000000000af22       0x58 /usr/lib/gcc/msp430/4.6.3/mcpu-430x/mmpy-16/libgcc.a(_muldi3.o)
                0x000000000000af22                __muldi3
                0x000000000000af3c                __xabi_muldi3
 .text.libgcc   0x000000000000af7a       0x22 /usr/lib/gcc/msp430/4.6.3/mcpu-430x/mmpy-16/libgcc.a(_udivmod16.o)
                0x000000000000af7a                __udivhi3
                0x000000000000af7a                __ext_udivmod16
                0x000000000000af94                __umodhi3
 .text.libgcc   0x000000000000af9c       0x38 /usr/lib/gcc/msp430/4.6.3/mcpu-430x/mmpy-16/libgcc.a(_udivmod32.o)
                0x000000000000af9c                __udivsi3
                0x000000000000af9c                __ext_udivmod32
                0x000000000000afca                __umodsi3
 .text.libgcc   0x000000000000afd4       0xbc /usr/lib/gcc/msp430/4.6.3/mcpu-430x/mmpy-16/libgcc.a(_udivmod64.o)
                0x000000000000afd4                __xabi_udivmod64
                0x000000000000b026                __udivdi3
                0x000000000000b040                __umoddi3
                0x000000000000b062                __udivmoddi4
 .text          0x000000000000b090       0xe4 /usr/lib/gcc/msp430/4.6.3/../../../../msp430/lib/mcpu-430x/mmpy-16/libc.a(memcpy.o)
                0x000000000000b090                memcpy
 .text          0x000000000000b174       0x5c /usr/lib/gcc/msp430/4.6.3/../../../../msp430/lib/mcpu-430x/mmpy-16/libc.a(memset.o)
                0x000000000000b174                memset
 .text          0x000000000000b1d0       0x1e /usr/lib/gcc/msp430/4.6.3/../../../../msp430/lib/mcpu-430x/mmpy-16/libc.a(printf.o)
                0x000000000000b1d0                printf
                0x000000000000b1e0                vprintf
 .text          0x000000000000b1ee      0x818 /usr/lib/gcc/msp430/4.6.3/../../../../msp430/lib/mcpu-430x/mmpy-16/libc.a(vuprintf.o)
                0x000000000000b36a                vuprintf
 .text          0x000000000000ba06       0x2c /usr/lib/gcc/msp430/4.6.3/../../../../msp430/lib/mcpu-430x/mmpy-16/libc.a(puts.o)
                0x000000000000ba06                puts
 .text          0x000000000000ba32       0x54 /usr/lib/gcc/msp430/4.6.3/../../../../msp430/lib/mcpu-430x/mmpy-16/libc.a(rand.o)
                0x000000000000ba32                rand_r
                0x000000000000ba56                rand
                0x000000000000ba7c                srand
 .text.libgcc   0x000000000000ba86       0x2a /usr/lib/gcc/msp430/4.6.3/mcpu-430x/mmpy-16/libgcc.a(_mulsi3.o)
                0x000000000000ba86                __mulsi3
 .text.crt0     0x000000000000bab0        0x2 /usr/lib/gcc/msp430/4.6.3/mcpu-430x/mmpy-16/libcrt0.a(_unexpected_.o)
                0x000000000000bab0                _unexpected_
                0x000000000000bab2                . = ALIGN (0x2)

.rodata         0x000000000000bab2      0x390
                0x000000000000bab2                . = ALIGN (0x2)
 *(.rodata .rodata.* .gnu.linkonce.r.*)
 .rodata.process_thread_design_project_process
                0x000000000000bab2       0xe2 group-project.o
 .rodata.autostart_processes
                0x000000000000bb94        0x4 group-project.o
                0x000000000000bb94                autostart_processes
 .rodata        0x000000000000bb98       0x24 group-project.o
 .rodata.slot_mapping.2683
                0x000000000000bbbc       0x1b group-project.o
 .rodata.generate_new_data
                0x000000000000bbd7       0x3a obj_dpp-cc430/data-generator.o
 .rodata        0x000000000000bc11       0x55 obj_dpp-cc430/contiki-main.o
 .rodata.platform_init_stage_one
                0x000000000000bc66       0xa3 contiki-ng-dpp-cc430.a(platform.o)
 .rodata.platform_init_stage_three
                0x000000000000bd09       0x33 contiki-ng-dpp-cc430.a(platform.o)
 .rodata.CSWTCH.43
                0x000000000000bd3c       0x1f contiki-ng-dpp-cc430.a(platform.o)
 .rodata.rf1a_init
                0x000000000000bd5b       0x46 contiki-ng-dpp-cc430.a(rf1a.o)
 *fill*         0x000000000000bda1        0x1 00
 .rodata.radio_interrupt
                0x000000000000bda2       0x1a contiki-ng-dpp-cc430.a(rf1a.o)
 .rodata.pa_values.2810
                0x000000000000bdbc        0x6 contiki-ng-dpp-cc430.a(rf1a.o)
 .rodata        0x000000000000bdc2        0xc contiki-ng-dpp-cc430.a(etimer.o)
 .rodata.log_lladdr
                0x000000000000bdce       0x14 contiki-ng-dpp-cc430.a(log.o)
 .rodata        0x000000000000bde2        0xf contiki-ng-dpp-cc430.a(ctimer.o)
 *fill*         0x000000000000bdf1        0x1 00
 .rodata.linkaddr_null
                0x000000000000bdf2        0x8 contiki-ng-dpp-cc430.a(linkaddr.o)
                0x000000000000bdf2                linkaddr_null
 .rodata        0x000000000000bdfa        0x8 contiki-ng-dpp-cc430.a(nullmac.o)
 .rodata.nullmac_driver
                0x000000000000be02        0xc contiki-ng-dpp-cc430.a(nullmac.o)
                0x000000000000be02                nullmac_driver
 .rodata        0x000000000000be0e        0x8 contiki-ng-dpp-cc430.a(nullnet.o)
 .rodata.nullnet_driver
                0x000000000000be16        0x8 contiki-ng-dpp-cc430.a(nullnet.o)
                0x000000000000be16                nullnet_driver
 .rodata.nullradio_driver
                0x000000000000be1e       0x1c contiki-ng-dpp-cc430.a(nullradio.o)
                0x000000000000be1e                nullradio_driver
 .rodata        0x000000000000be3a        0x7 /usr/lib/gcc/msp430/4.6.3/../../../../msp430/lib/mcpu-430x/mmpy-16/libc.a(vuprintf.o)
                0x000000000000be42                . = ALIGN (0x2)
 *fill*         0x000000000000be41        0x1 00
                0x000000000000be42                _etext = .

.data           0x0000000000001c00       0x54 load address 0x000000000000be42
                0x0000000000001c00                . = ALIGN (0x2)
                0x0000000000001c00                PROVIDE (__data_start, .)
 *(.data .data.* .gnu.linkonce.d.*)
 .data.design_project_process
                0x0000000000001c00        0xa group-project.o
                0x0000000000001c00                design_project_process
 .data.randomseed
                0x0000000000001c0a        0x2 group-project.o
                0x0000000000001c0a                randomseed
 .data.sinkaddress
                0x0000000000001c0c        0x2 group-project.o
                0x0000000000001c0c                sinkaddress
 .data.datarate
                0x0000000000001c0e        0x2 group-project.o
                0x0000000000001c0e                datarate
 .data.firstpacket.2672
                0x0000000000001c10        0x1 group-project.o
 .data.sync.2676
                0x0000000000001c11        0x1 group-project.o
 .data.packet_memb
                0x0000000000001c12        0x8 obj_dpp-cc430/data-generator.o
 .data          0x0000000000001c1a       0x1c contiki-ng-dpp-cc430.a(platform.o)
 .data.TOS_NODE_ID
                0x0000000000001c36        0x2 contiki-ng-dpp-cc430.a(node-id.o)
                0x0000000000001c36                TOS_NODE_ID
 .data.rf1a_tx_pwr
                0x0000000000001c38        0x2 contiki-ng-dpp-cc430.a(rf1a.o)
 .data.etimer_process
                0x0000000000001c3a        0xa contiki-ng-dpp-cc430.a(etimer.o)
                0x0000000000001c3a                etimer_process
 .data.curr_log_level_main
                0x0000000000001c44        0x2 contiki-ng-dpp-cc430.a(log.o)
                0x0000000000001c44                curr_log_level_main
 .data.ctimer_process
                0x0000000000001c46        0xa contiki-ng-dpp-cc430.a(ctimer.o)
                0x0000000000001c46                ctimer_process
 .data          0x0000000000001c50        0x4 /usr/lib/gcc/msp430/4.6.3/../../../../msp430/lib/mcpu-430x/mmpy-16/libc.a(rand.o)
                0x0000000000001c54                . = ALIGN (0x2)
                0x0000000000001c54                _edata = .
                0x000000000000be42                PROVIDE (__data_load_start, LOADADDR (.data))
                0x0000000000000054                PROVIDE (__data_size, SIZEOF (.data))

.bss            0x0000000000001c54      0x342 load address 0x000000000000be96
                0x0000000000001c54                PROVIDE (__bss_start, .)
 *(.bss .bss.*)
 .bss.i         0x0000000000001c54        0x1 group-project.o
                0x0000000000001c54                i
 *fill*         0x0000000000001c55        0x1 00
 .bss.first_wait_timer.2674
                0x0000000000001c56        0xc group-project.o
 .bss.wait_timer.2673
                0x0000000000001c62        0xc group-project.o
 .bss.slot_timer.2675
                0x0000000000001c6e        0xc group-project.o
 .bss.my_slot.2682
                0x0000000000001c7a        0x1 group-project.o
 .bss.slots.2684
                0x0000000000001c7b       0x1b group-project.o
 .bss.sync_packet.2665
                0x0000000000001c96        0x2 group-project.o
 .bss.packet_len.2669
                0x0000000000001c98        0x1 group-project.o
 *fill*         0x0000000000001c99        0x1 00
 .bss.timestamp.2681
                0x0000000000001c9a        0x8 group-project.o
 .bss.sync_packet_rcv.2666
                0x0000000000001ca2        0x2 group-project.o
 .bss.first_sync.2678
                0x0000000000001ca4        0x1 group-project.o
 *fill*         0x0000000000001ca5        0x1 00
 .bss.first_time.2680
                0x0000000000001ca6        0x8 group-project.o
 .bss.last_sync.2677
                0x0000000000001cae        0x1 group-project.o
 *fill*         0x0000000000001caf        0x1 00
 .bss.last_time.2679
                0x0000000000001cb0        0x8 group-project.o
 .bss.packet.2667
                0x0000000000001cb8        0x2 group-project.o
 .bss.packet_rcv.2668
                0x0000000000001cba        0x6 group-project.o
 .bss.radio_state
                0x0000000000001cc0        0x1 obj_dpp-cc430/basic-radio.o
                0x0000000000001cc0                radio_state
 *fill*         0x0000000000001cc1        0x1 00
 .bss.packet_queue_list
                0x0000000000001cc2        0x2 obj_dpp-cc430/data-generator.o
 .bss.seqn.2647
                0x0000000000001cc4        0x1 obj_dpp-cc430/data-generator.o
 .bss.packet_memb_memb_count
                0x0000000000001cc5        0xa obj_dpp-cc430/data-generator.o
 *fill*         0x0000000000001ccf        0x1 00
 .bss.packet_memb_memb_mem
                0x0000000000001cd0       0x50 obj_dpp-cc430/data-generator.o
 .bss.rst_flag  0x0000000000001d20        0x2 contiki-ng-dpp-cc430.a(platform.o)
 .bss.prescaler
                0x0000000000001d22        0x4 contiki-ng-dpp-cc430.a(uart.o)
 .bss.mod       0x0000000000001d26        0x4 contiki-ng-dpp-cc430.a(uart.o)
 .bss.rf1a_buffer_len
                0x0000000000001d2a        0x1 contiki-ng-dpp-cc430.a(rf1a.o)
 .bss.packet_len_max
                0x0000000000001d2b        0x1 contiki-ng-dpp-cc430.a(rf1a.o)
 .bss.packet_len
                0x0000000000001d2c        0x1 contiki-ng-dpp-cc430.a(rf1a.o)
 *fill*         0x0000000000001d2d        0x1 00
 .bss.rf1a_buffer
                0x0000000000001d2e       0x22 contiki-ng-dpp-cc430.a(rf1a.o)
 .bss.header_len_rx
                0x0000000000001d50        0x1 contiki-ng-dpp-cc430.a(rf1a.o)
 .bss.header_len_notified
                0x0000000000001d51        0x1 contiki-ng-dpp-cc430.a(rf1a.o)
 .bss.timestamp
                0x0000000000001d52        0x8 contiki-ng-dpp-cc430.a(rf1a.o)
 .bss.wait_timeout
                0x0000000000001d5a        0x2 contiki-ng-dpp-cc430.a(rf1a.o)
 .bss.rxoff_mode
                0x0000000000001d5c        0x2 contiki-ng-dpp-cc430.a(rf1a.o)
 .bss.txoff_mode
                0x0000000000001d5e        0x2 contiki-ng-dpp-cc430.a(rf1a.o)
 .bss.rf1a_state
                0x0000000000001d60        0x2 contiki-ng-dpp-cc430.a(rf1a.o)
 .bss.rf1a_buffer_start
                0x0000000000001d62        0x1 contiki-ng-dpp-cc430.a(rf1a.o)
 *fill*         0x0000000000001d63        0x1 00
 .bss.clock_secs
                0x0000000000001d64        0x4 contiki-ng-dpp-cc430.a(rtimer-ext.o)
 .bss.clock_count
                0x0000000000001d68        0x4 contiki-ng-dpp-cc430.a(rtimer-ext.o)
 .bss.rt        0x0000000000001d6c       0x60 contiki-ng-dpp-cc430.a(rtimer-ext.o)
 .bss.timerlist
                0x0000000000001dcc        0x2 contiki-ng-dpp-cc430.a(etimer.o)
 .bss.next_expiration
                0x0000000000001dce        0x4 contiki-ng-dpp-cc430.a(etimer.o)
 .bss.initialized
                0x0000000000001dd2        0x1 contiki-ng-dpp-cc430.a(ctimer.o)
 *fill*         0x0000000000001dd3        0x1 00
 .bss.ctimer_list_list
                0x0000000000001dd4        0x2 contiki-ng-dpp-cc430.a(ctimer.o)
 .bss.poll_requested
                0x0000000000001dd6        0x1 contiki-ng-dpp-cc430.a(process.o)
 *fill*         0x0000000000001dd7        0x1 00
 .bss.process_current
                0x0000000000001dd8        0x2 contiki-ng-dpp-cc430.a(process.o)
                0x0000000000001dd8                process_current
 .bss.process_list
                0x0000000000001dda        0x2 contiki-ng-dpp-cc430.a(process.o)
                0x0000000000001dda                process_list
 .bss.lastevent
                0x0000000000001ddc        0x1 contiki-ng-dpp-cc430.a(process.o)
 .bss.fevent    0x0000000000001ddd        0x1 contiki-ng-dpp-cc430.a(process.o)
 .bss.nevents   0x0000000000001dde        0x1 contiki-ng-dpp-cc430.a(process.o)
 *fill*         0x0000000000001ddf        0x1 00
 .bss.events    0x0000000000001de0       0xc0 contiki-ng-dpp-cc430.a(process.o)
 .bss.current_callback
                0x0000000000001ea0        0x2 contiki-ng-dpp-cc430.a(nullnet.o)
 .bss.bufptr    0x0000000000001ea2        0x2 contiki-ng-dpp-cc430.a(packetbuf.o)
 .bss.buflen    0x0000000000001ea4        0x2 contiki-ng-dpp-cc430.a(packetbuf.o)
 .bss.hdrlen    0x0000000000001ea6        0x1 contiki-ng-dpp-cc430.a(packetbuf.o)
 *fill*         0x0000000000001ea7        0x1 00
 .bss.packetbuf_aligned
                0x0000000000001ea8       0x80 contiki-ng-dpp-cc430.a(packetbuf.o)
 *(COMMON)
 COMMON         0x0000000000001f28        0x3 obj_dpp-cc430/basic-radio.o
                0x0000000000001f28                radio_payload
                0x0000000000001f2a                radio_payload_len
 *fill*         0x0000000000001f2b        0x1 00
 COMMON         0x0000000000001f2c        0x2 contiki-ng-dpp-cc430.a(node-id.o)
                0x0000000000001f2c                node_id
 COMMON         0x0000000000001f2e       0x10 contiki-ng-dpp-cc430.a(rtimer-ext.o)
                0x0000000000001f2e                ta1_sw_ext
                0x0000000000001f36                ta0_sw_ext
 COMMON         0x0000000000001f3e       0x22 contiki-ng-dpp-cc430.a(dc-stat.o)
                0x0000000000001f3e                dc_stat_starttime_cpu
                0x0000000000001f40                dc_stat_starttime_rf_tx
                0x0000000000001f42                dc_stat_isr
                0x0000000000001f44                dc_stat_resettime
                0x0000000000001f4c                dc_stat_sum_cpu
                0x0000000000001f50                dc_stat_sum_rf_tx
                0x0000000000001f54                dc_stat_sum_rf_rx
                0x0000000000001f58                dc_stat_starttime_rf_rx
                0x0000000000001f5a                dc_stat_starttime_rf
                0x0000000000001f5c                dc_stat_sum_rf
 COMMON         0x0000000000001f60        0x8 contiki-ng-dpp-cc430.a(linkaddr.o)
                0x0000000000001f60                linkaddr_node_addr
 COMMON         0x0000000000001f68        0x4 contiki-ng-dpp-cc430.a(nullnet.o)
                0x0000000000001f68                nullnet_buf
                0x0000000000001f6a                nullnet_len
 COMMON         0x0000000000001f6c       0x2a contiki-ng-dpp-cc430.a(packetbuf.o)
                0x0000000000001f6c                packetbuf_addrs
                0x0000000000001f7c                packetbuf_attrs
                0x0000000000001f96                . = ALIGN (0x2)
                0x0000000000001f96                PROVIDE (__bss_end, .)
                0x0000000000000342                PROVIDE (__bss_size, SIZEOF (.bss))

.noinit         0x0000000000001f96        0x2 load address 0x000000000000be96
                0x0000000000001f96                PROVIDE (__noinit_start, .)
 *(.noinit .noinit.*)
 .noinit.crt0   0x0000000000001f96        0x2 /usr/lib/gcc/msp430/4.6.3/mcpu-430x/mmpy-16/libcrt0.a(__watchdog_support.o)
                0x0000000000001f96                __wdt_clear_value
                0x0000000000001f98                . = ALIGN (0x2)
                0x0000000000001f98                PROVIDE (__noinit_end, .)
                0x0000000000001f98                . = ALIGN (0x2)
                0x0000000000001f98                _end = .

.infomem        0x0000000000001800        0x0
 *(.infomem)
                0x0000000000001800                . = ALIGN (0x2)
 *(.infomem.*)

.infomemnobits  0x0000000000001800        0x0
 *(.infomemnobits)
                0x0000000000001800                . = ALIGN (0x2)
 *(.infomemnobits.*)

.infoa
 *(.infoa .infoa.*)

.infob
 *(.infob .infob.*)

.infoc
 *(.infoc .infoc.*)

.infod
 *(.infod .infod.*)

.vectors        0x000000000000ff80       0x80
                0x000000000000ff80                PROVIDE (__vectors_start, .)
 *(.vectors*)
 .vectors       0x000000000000ff80       0x80 /usr/lib/gcc/msp430/4.6.3/mcpu-430x/mmpy-16/crt0ivtbl64.o
                0x000000000000ff80                __ivtbl_64
                0x0000000000010000                _vectors_end = .

.fartext        0x0000000000000000        0x0
                0x0000000000000000                . = ALIGN (0x2)
 *(.fartext)
                0x0000000000000000                . = ALIGN (0x2)
 *(.fartext.*)
                0x0000000000000000                _efartext = .

.profiler
 *(.profiler)

.stab
 *(.stab)

.stabstr
 *(.stabstr)

.stab.excl
 *(.stab.excl)

.stab.exclstr
 *(.stab.exclstr)

.stab.index
 *(.stab.index)

.stab.indexstr
 *(.stab.indexstr)

.comment
 *(.comment)

.debug
 *(.debug)

.line
 *(.line)

.debug_srcinfo
 *(.debug_srcinfo)

.debug_sfnames
 *(.debug_sfnames)

.debug_aranges  0x0000000000000000      0x6cc
 *(.debug_aranges)
 .debug_aranges
                0x0000000000000000       0x18 group-project.o
 .debug_aranges
                0x0000000000000018       0x38 obj_dpp-cc430/basic-radio.o
 .debug_aranges
                0x0000000000000050       0x24 obj_dpp-cc430/data-generator.o
 .debug_aranges
                0x0000000000000074       0x14 obj_dpp-cc430/contiki-main.o
 .debug_aranges
                0x0000000000000088       0x20 contiki-ng-dpp-cc430.a(platform.o)
 .debug_aranges
                0x00000000000000a8       0x18 contiki-ng-dpp-cc430.a(node-id.o)
 .debug_aranges
                0x00000000000000c0       0x24 contiki-ng-dpp-cc430.a(uart.o)
 .debug_aranges
                0x00000000000000e4       0x24 contiki-ng-dpp-cc430.a(watchdog.o)
 .debug_aranges
                0x0000000000000108       0x18 contiki-ng-dpp-cc430.a(soc.o)
 .debug_aranges
                0x0000000000000120       0x9c contiki-ng-dpp-cc430.a(rf1a.o)
 .debug_aranges
                0x00000000000001bc       0x7c contiki-ng-dpp-cc430.a(rtimer-ext.o)
 .debug_aranges
                0x0000000000000238       0x18 contiki-ng-dpp-cc430.a(autostart.o)
 .debug_aranges
                0x0000000000000250       0x1c contiki-ng-dpp-cc430.a(energest.o)
 .debug_aranges
                0x000000000000026c       0x4c contiki-ng-dpp-cc430.a(etimer.o)
 .debug_aranges
                0x00000000000002b8       0x24 contiki-ng-dpp-cc430.a(log.o)
 .debug_aranges
                0x00000000000002dc       0x30 contiki-ng-dpp-cc430.a(ctimer.o)
 .debug_aranges
                0x000000000000030c       0x44 contiki-ng-dpp-cc430.a(process.o)
 .debug_aranges
                0x0000000000000350       0x1c contiki-ng-dpp-cc430.a(rtimer.o)
 .debug_aranges
                0x000000000000036c       0x24 contiki-ng-dpp-cc430.a(timer.o)
 .debug_aranges
                0x0000000000000390       0x40 contiki-ng-dpp-cc430.a(list.o)
 .debug_aranges
                0x00000000000003d0       0x24 contiki-ng-dpp-cc430.a(memb.o)
 .debug_aranges
                0x00000000000003f4       0x18 contiki-ng-dpp-cc430.a(random.o)
 .debug_aranges
                0x000000000000040c       0x20 contiki-ng-dpp-cc430.a(netstack.o)
 .debug_aranges
                0x000000000000042c       0x1c contiki-ng-dpp-cc430.a(linkaddr.o)
 .debug_aranges
                0x0000000000000448       0x24 contiki-ng-dpp-cc430.a(nullmac.o)
 .debug_aranges
                0x000000000000046c       0x20 contiki-ng-dpp-cc430.a(nullnet.o)
 .debug_aranges
                0x000000000000048c       0x1c contiki-ng-dpp-cc430.a(pmm.o)
 .debug_aranges
                0x00000000000004a8       0x48 contiki-ng-dpp-cc430.a(nullradio.o)
 .debug_aranges
                0x00000000000004f0       0x60 contiki-ng-dpp-cc430.a(packetbuf.o)
 .debug_aranges
                0x0000000000000550       0x14 /usr/lib/gcc/msp430/4.6.3/mcpu-430x/mmpy-16/libgcc.a(_muldi3.o)
 .debug_aranges
                0x0000000000000564       0x14 /usr/lib/gcc/msp430/4.6.3/mcpu-430x/mmpy-16/libgcc.a(_udivmod16.o)
 .debug_aranges
                0x0000000000000578       0x14 /usr/lib/gcc/msp430/4.6.3/mcpu-430x/mmpy-16/libgcc.a(_udivmod32.o)
 .debug_aranges
                0x000000000000058c       0x14 /usr/lib/gcc/msp430/4.6.3/mcpu-430x/mmpy-16/libgcc.a(_udivmod64.o)
 .debug_aranges
                0x00000000000005a0       0x14 /usr/lib/gcc/msp430/4.6.3/../../../../msp430/lib/mcpu-430x/mmpy-16/libc.a(strcmp.o)
 .debug_aranges
                0x00000000000005b4       0x14 /usr/lib/gcc/msp430/4.6.3/../../../../msp430/lib/mcpu-430x/mmpy-16/libc.a(memcmp.o)
 .debug_aranges
                0x00000000000005c8       0x14 /usr/lib/gcc/msp430/4.6.3/../../../../msp430/lib/mcpu-430x/mmpy-16/libc.a(memcpy.o)
 .debug_aranges
                0x00000000000005dc       0x14 /usr/lib/gcc/msp430/4.6.3/../../../../msp430/lib/mcpu-430x/mmpy-16/libc.a(memset.o)
 .debug_aranges